Archive member included to satisfy reference by file (symbol)

/usr/bin/../lib/gcc/arm-none-eabi/7.3.1/thumb/v6-m/libgcc.a(_thumb1_case_uqi.o)
                              build/zero/hid.o (__gnu_thumb1_case_uqi)
/usr/bin/../lib/gcc/arm-none-eabi/7.3.1/../../../../arm-none-eabi/lib/thumb/v6-m/libg_nano.a(lib_a-memcpy-stub.o)
                              build/zero/cdc_enumerate.o (memcpy)
/usr/bin/../lib/gcc/arm-none-eabi/7.3.1/../../../../arm-none-eabi/lib/thumb/v6-m/libg_nano.a(lib_a-memset.o)
                              build/zero/cdc_enumerate.o (memset)
/usr/bin/../lib/gcc/arm-none-eabi/7.3.1/../../../../arm-none-eabi/lib/thumb/v6-m/libg_nano.a(lib_a-strlen.o)
                              build/zero/cdc_enumerate.o (strlen)

Allocating common symbols
Common symbol       size              file

b_sharp_received    0x1               build/zero/usart_sam_ba.o
timerHigh           0x4               build/zero/utils.o
j                   0x1               build/zero/sam_ba_monitor.o
idx_rx_write        0x1               build/zero/usart_sam_ba.o
size_of_data        0x2               build/zero/usart_sam_ba.o
ctrlOutCache        0x44              build/zero/cdc_enumerate.o
length              0x4               build/zero/sam_ba_monitor.o
ptr                 0x4               build/zero/sam_ba_monitor.o
command             0x1               build/zero/sam_ba_monitor.o
resetHorizon        0x4               build/zero/utils.o
idx_tx_read         0x1               build/zero/usart_sam_ba.o
i                   0x4               build/zero/sam_ba_monitor.o
buffer_tx_usart     0x80              build/zero/usart_sam_ba.o
error_timeout       0x1               build/zero/usart_sam_ba.o
usb_endpoint_table  0x100             build/zero/cdc_enumerate.o
data                0x41              build/zero/sam_ba_monitor.o
mode_of_transfer    0x1               build/zero/usart_sam_ba.o
ptr_data            0x4               build/zero/sam_ba_monitor.o
idx_rx_read         0x1               build/zero/usart_sam_ba.o
sp                  0x4               build/zero/sam_ba_monitor.o
current_number      0x4               build/zero/sam_ba_monitor.o
idx_tx_write        0x1               build/zero/usart_sam_ba.o
endpointCache       0x220             build/zero/cdc_enumerate.o
u32tmp              0x4               build/zero/sam_ba_monitor.o
buffer_rx_usart     0x80              build/zero/usart_sam_ba.o

Discarded input sections

 .text          0x0000000000000000        0x0 build/zero/flash_samd21.o
 .data          0x0000000000000000        0x0 build/zero/flash_samd21.o
 .bss           0x0000000000000000        0x0 build/zero/flash_samd21.o
 .text.flash_write
                0x0000000000000000       0x9c build/zero/flash_samd21.o
 .text          0x0000000000000000        0x0 build/zero/init_samd21.o
 .data          0x0000000000000000        0x0 build/zero/init_samd21.o
 .bss           0x0000000000000000        0x0 build/zero/init_samd21.o
 .data.g_interrupt_enabled
                0x0000000000000000        0x1 build/zero/init_samd21.o
 .text          0x0000000000000000        0x0 build/zero/startup_samd21.o
 .data          0x0000000000000000        0x0 build/zero/startup_samd21.o
 .bss           0x0000000000000000        0x0 build/zero/startup_samd21.o
 .text          0x0000000000000000        0x0 build/zero/usart_sam_ba.o
 .data          0x0000000000000000        0x0 build/zero/usart_sam_ba.o
 .bss           0x0000000000000000        0x0 build/zero/usart_sam_ba.o
 .text.usart_open
                0x0000000000000000       0xbc build/zero/usart_sam_ba.o
 .text.usart_close
                0x0000000000000000       0x10 build/zero/usart_sam_ba.o
 .text.usart_putc
                0x0000000000000000       0x14 build/zero/usart_sam_ba.o
 .text.usart_is_rx_ready
                0x0000000000000000       0x10 build/zero/usart_sam_ba.o
 .text.usart_getc
                0x0000000000000000       0x18 build/zero/usart_sam_ba.o
 .text.usart_sharp_received
                0x0000000000000000       0x1a build/zero/usart_sam_ba.o
 .text.usart_readc
                0x0000000000000000       0x20 build/zero/usart_sam_ba.o
 .text.usart_putdata
                0x0000000000000000       0x1a build/zero/usart_sam_ba.o
 .text.usart_getdata
                0x0000000000000000        0xe build/zero/usart_sam_ba.o
 .text.getbytes
                0x0000000000000000       0x60 build/zero/usart_sam_ba.o
 .text.getPacket
                0x0000000000000000       0x70 build/zero/usart_sam_ba.o
 .text.usart_putdata_xmd
                0x0000000000000000      0x10c build/zero/usart_sam_ba.o
 .text.usart_getdata_xmd
                0x0000000000000000       0xa4 build/zero/usart_sam_ba.o
 COMMON         0x0000000000000000      0x109 build/zero/usart_sam_ba.o
 .text          0x0000000000000000        0x0 build/zero/screen.o
 .data          0x0000000000000000        0x0 build/zero/screen.o
 .bss           0x0000000000000000        0x0 build/zero/screen.o
 .debug_info    0x0000000000000000      0x8f2 build/zero/screen.o
 .debug_abbrev  0x0000000000000000      0x197 build/zero/screen.o
 .debug_aranges
                0x0000000000000000       0x18 build/zero/screen.o
 .debug_line    0x0000000000000000      0x113 build/zero/screen.o
 .debug_str     0x0000000000000000      0x5c7 build/zero/screen.o
 .comment       0x0000000000000000       0x80 build/zero/screen.o
 .ARM.attributes
                0x0000000000000000       0x32 build/zero/screen.o
 .text          0x0000000000000000        0x0 build/zero/images.o
 .data          0x0000000000000000        0x0 build/zero/images.o
 .bss           0x0000000000000000        0x0 build/zero/images.o
 .rodata.arrowLogo
                0x0000000000000000       0x39 build/zero/images.o
 .rodata.fileLogo
                0x0000000000000000       0x4a build/zero/images.o
 .rodata.font8  0x0000000000000000      0x240 build/zero/images.o
 .rodata.pendriveLogo
                0x0000000000000000       0x3e build/zero/images.o
 .debug_info    0x0000000000000000      0x118 build/zero/images.o
 .debug_abbrev  0x0000000000000000       0x66 build/zero/images.o
 .debug_aranges
                0x0000000000000000       0x18 build/zero/images.o
 .debug_line    0x0000000000000000       0x90 build/zero/images.o
 .debug_str     0x0000000000000000      0x1b8 build/zero/images.o
 .comment       0x0000000000000000       0x80 build/zero/images.o
 .ARM.attributes
                0x0000000000000000       0x32 build/zero/images.o
 .text          0x0000000000000000        0x0 build/zero/utils.o
 .data          0x0000000000000000        0x0 build/zero/utils.o
 .bss           0x0000000000000000        0x0 build/zero/utils.o
 .text.panic    0x0000000000000000        0x2 build/zero/utils.o
 .text          0x0000000000000000        0x0 build/zero/cdc_enumerate.o
 .data          0x0000000000000000        0x0 build/zero/cdc_enumerate.o
 .bss           0x0000000000000000        0x0 build/zero/cdc_enumerate.o
 .text.reset_ep
                0x0000000000000000       0x24 build/zero/cdc_enumerate.o
 .text.stall_ep
                0x0000000000000000       0x20 build/zero/cdc_enumerate.o
 .text.cdc_is_rx_ready
                0x0000000000000000       0x20 build/zero/cdc_enumerate.o
 .text          0x0000000000000000        0x0 build/zero/fat.o
 .data          0x0000000000000000        0x0 build/zero/fat.o
 .bss           0x0000000000000000        0x0 build/zero/fat.o
 .text          0x0000000000000000        0x0 build/zero/main.o
 .data          0x0000000000000000        0x0 build/zero/main.o
 .bss           0x0000000000000000        0x0 build/zero/main.o
 .text          0x0000000000000000        0x0 build/zero/msc.o
 .data          0x0000000000000000        0x0 build/zero/msc.o
 .bss           0x0000000000000000        0x0 build/zero/msc.o
 .text.msc_reset
                0x0000000000000000       0x1c build/zero/msc.o
 .text.udd_ep_set_halt
                0x0000000000000000       0x10 build/zero/msc.o
 .bss.mscReset  0x0000000000000000        0x1 build/zero/msc.o
 .text          0x0000000000000000        0x0 build/zero/sam_ba_monitor.o
 .data          0x0000000000000000        0x0 build/zero/sam_ba_monitor.o
 .bss           0x0000000000000000        0x0 build/zero/sam_ba_monitor.o
 .text.sam_ba_monitor_init
                0x0000000000000000        0x2 build/zero/sam_ba_monitor.o
 .text.sam_ba_putdata_term
                0x0000000000000000        0x8 build/zero/sam_ba_monitor.o
 .text          0x0000000000000000        0x0 build/zero/uart_driver.o
 .data          0x0000000000000000        0x0 build/zero/uart_driver.o
 .bss           0x0000000000000000        0x0 build/zero/uart_driver.o
 .text.uart_get_sercom_index
                0x0000000000000000       0x30 build/zero/uart_driver.o
 .text.uart_basic_init
                0x0000000000000000       0x58 build/zero/uart_driver.o
 .text.uart_disable
                0x0000000000000000       0x10 build/zero/uart_driver.o
 .text.uart_write_byte
                0x0000000000000000        0xc build/zero/uart_driver.o
 .text.uart_read_byte
                0x0000000000000000       0x28 build/zero/uart_driver.o
 .text.uart_write_buffer_polled
                0x0000000000000000       0x20 build/zero/uart_driver.o
 .text.uart_read_buffer_polled
                0x0000000000000000       0x3c build/zero/uart_driver.o
 .rodata        0x0000000000000000       0x18 build/zero/uart_driver.o
 .bss.uart_drv_error_flag
                0x0000000000000000        0x1 build/zero/uart_driver.o
 .debug_info    0x0000000000000000     0x2658 build/zero/uart_driver.o
 .debug_abbrev  0x0000000000000000      0x2ad build/zero/uart_driver.o
 .debug_loc     0x0000000000000000      0x135 build/zero/uart_driver.o
 .debug_aranges
                0x0000000000000000       0x50 build/zero/uart_driver.o
 .debug_ranges  0x0000000000000000       0x40 build/zero/uart_driver.o
 .debug_line    0x0000000000000000      0x271 build/zero/uart_driver.o
 .debug_str     0x0000000000000000      0xde1 build/zero/uart_driver.o
 .comment       0x0000000000000000       0x80 build/zero/uart_driver.o
 .debug_frame   0x0000000000000000       0xac build/zero/uart_driver.o
 .ARM.attributes
                0x0000000000000000       0x32 build/zero/uart_driver.o
 .text          0x0000000000000000        0x0 build/zero/hid.o
 .data          0x0000000000000000        0x0 build/zero/hid.o
 .bss           0x0000000000000000        0x0 build/zero/hid.o
 .data          0x0000000000000000        0x0 /usr/bin/../lib/gcc/arm-none-eabi/7.3.1/thumb/v6-m/libgcc.a(_thumb1_case_uqi.o)
 .bss           0x0000000000000000        0x0 /usr/bin/../lib/gcc/arm-none-eabi/7.3.1/thumb/v6-m/libgcc.a(_thumb1_case_uqi.o)
 .text          0x0000000000000000        0x0 /usr/bin/../lib/gcc/arm-none-eabi/7.3.1/../../../../arm-none-eabi/lib/thumb/v6-m/libg_nano.a(lib_a-memcpy-stub.o)
 .data          0x0000000000000000        0x0 /usr/bin/../lib/gcc/arm-none-eabi/7.3.1/../../../../arm-none-eabi/lib/thumb/v6-m/libg_nano.a(lib_a-memcpy-stub.o)
 .bss           0x0000000000000000        0x0 /usr/bin/../lib/gcc/arm-none-eabi/7.3.1/../../../../arm-none-eabi/lib/thumb/v6-m/libg_nano.a(lib_a-memcpy-stub.o)
 .text          0x0000000000000000        0x0 /usr/bin/../lib/gcc/arm-none-eabi/7.3.1/../../../../arm-none-eabi/lib/thumb/v6-m/libg_nano.a(lib_a-memset.o)
 .data          0x0000000000000000        0x0 /usr/bin/../lib/gcc/arm-none-eabi/7.3.1/../../../../arm-none-eabi/lib/thumb/v6-m/libg_nano.a(lib_a-memset.o)
 .bss           0x0000000000000000        0x0 /usr/bin/../lib/gcc/arm-none-eabi/7.3.1/../../../../arm-none-eabi/lib/thumb/v6-m/libg_nano.a(lib_a-memset.o)
 .data          0x0000000000000000        0x0 /usr/bin/../lib/gcc/arm-none-eabi/7.3.1/../../../../arm-none-eabi/lib/thumb/v6-m/libg_nano.a(lib_a-strlen.o)
 .bss           0x0000000000000000        0x0 /usr/bin/../lib/gcc/arm-none-eabi/7.3.1/../../../../arm-none-eabi/lib/thumb/v6-m/libg_nano.a(lib_a-strlen.o)

Memory Configuration

Name             Origin             Length             Attributes
rom              0x0000000000000000 0x0000000000002000 xr
ram              0x0000000020000000 0x0000000000008000 xrw
*default*        0x0000000000000000 0xffffffffffffffff

Linker script and memory map

LOAD build/zero/flash_samd21.o
LOAD build/zero/init_samd21.o
LOAD build/zero/startup_samd21.o
LOAD build/zero/usart_sam_ba.o
LOAD build/zero/screen.o
LOAD build/zero/images.o
LOAD build/zero/utils.o
LOAD build/zero/cdc_enumerate.o
LOAD build/zero/fat.o
LOAD build/zero/main.o
LOAD build/zero/msc.o
LOAD build/zero/sam_ba_monitor.o
LOAD build/zero/uart_driver.o
LOAD build/zero/hid.o
START GROUP
LOAD /usr/bin/../lib/gcc/arm-none-eabi/7.3.1/thumb/v6-m/libgcc.a
LOAD /usr/bin/../lib/gcc/arm-none-eabi/7.3.1/../../../../arm-none-eabi/lib/thumb/v6-m/libg_nano.a
LOAD /usr/bin/../lib/gcc/arm-none-eabi/7.3.1/../../../../arm-none-eabi/lib/thumb/v6-m/libc_nano.a
END GROUP
START GROUP
LOAD /usr/bin/../lib/gcc/arm-none-eabi/7.3.1/thumb/v6-m/libgcc.a
LOAD /usr/bin/../lib/gcc/arm-none-eabi/7.3.1/../../../../arm-none-eabi/lib/thumb/v6-m/libc_nano.a
LOAD /usr/bin/../lib/gcc/arm-none-eabi/7.3.1/../../../../arm-none-eabi/lib/thumb/v6-m/libnosys.a
END GROUP
START GROUP
LOAD /usr/bin/../lib/gcc/arm-none-eabi/7.3.1/thumb/v6-m/libgcc.a
LOAD /usr/bin/../lib/gcc/arm-none-eabi/7.3.1/../../../../arm-none-eabi/lib/thumb/v6-m/libc_nano.a
LOAD /usr/bin/../lib/gcc/arm-none-eabi/7.3.1/../../../../arm-none-eabi/lib/thumb/v6-m/libnosys.a
END GROUP
                0x0000000000002000                STACK_SIZE = DEFINED (STACK_SIZE)?STACK_SIZE:DEFINED (__stack_size__)?__stack_size__:0x2000

.text           0x0000000000000000     0x1c80
                0x0000000000000000                . = ALIGN (0x4)
                0x0000000000000000                _sfixed = .
 *(.vectors .vectors.*)
 .vectors       0x0000000000000000       0xb4 build/zero/startup_samd21.o
                0x0000000000000000                exception_table
 *(.text .text.* .gnu.linkonce.t.*)
 .text.flash_erase_row
                0x00000000000000b4       0x28 build/zero/flash_samd21.o
                0x00000000000000b4                flash_erase_row
 .text.flash_erase_to_end
                0x00000000000000dc       0x1c build/zero/flash_samd21.o
                0x00000000000000dc                flash_erase_to_end
 .text.copy_words
                0x00000000000000f8       0x14 build/zero/flash_samd21.o
                0x00000000000000f8                copy_words
 .text.flash_write_words
                0x000000000000010c       0x54 build/zero/flash_samd21.o
                0x000000000000010c                flash_write_words
 .text.flash_write_row
                0x0000000000000160       0x2e build/zero/flash_samd21.o
                0x0000000000000160                flash_write_row
 *fill*         0x000000000000018e        0x2 
 .text.gclk_sync
                0x0000000000000190       0x10 build/zero/init_samd21.o
 .text.dfll_sync
                0x00000000000001a0       0x10 build/zero/init_samd21.o
 .text.system_init
                0x00000000000001b0       0xcc build/zero/init_samd21.o
                0x00000000000001b0                system_init
 .text.SysTick_Handler
                0x000000000000027c        0x8 build/zero/init_samd21.o
                0x000000000000027c                SysTick_Handler
 .text.Dummy_Handler
                0x0000000000000284        0x2 build/zero/startup_samd21.o
                0x0000000000000284                DMAC_Handler
                0x0000000000000284                AC_Handler
                0x0000000000000284                PendSV_Handler
                0x0000000000000284                NMI_Handler
                0x0000000000000284                SERCOM1_Handler
                0x0000000000000284                ADC_Handler
                0x0000000000000284                TCC1_Handler
                0x0000000000000284                SERCOM2_Handler
                0x0000000000000284                TCC0_Handler
                0x0000000000000284                RTC_Handler
                0x0000000000000284                EIC_Handler
                0x0000000000000284                WDT_Handler
                0x0000000000000284                TC4_Handler
                0x0000000000000284                USB_Handler
                0x0000000000000284                TC3_Handler
                0x0000000000000284                Dummy_Handler
                0x0000000000000284                PM_Handler
                0x0000000000000284                SERCOM5_Handler
                0x0000000000000284                SVC_Handler
                0x0000000000000284                TCC2_Handler
                0x0000000000000284                EVSYS_Handler
                0x0000000000000284                SERCOM3_Handler
                0x0000000000000284                SERCOM4_Handler
                0x0000000000000284                I2S_Handler
                0x0000000000000284                NVMCTRL_Handler
                0x0000000000000284                SERCOM0_Handler
                0x0000000000000284                DAC_Handler
                0x0000000000000284                PTC_Handler
                0x0000000000000284                TC5_Handler
                0x0000000000000284                SYSCTRL_Handler
 .text.HardFault_Handler
                0x0000000000000286        0x2 build/zero/startup_samd21.o
                0x0000000000000286                HardFault_Handler
 .text.Reset_Handler
                0x0000000000000288       0xb0 build/zero/startup_samd21.o
                0x0000000000000288                Reset_Handler
 .text.add_crc  0x0000000000000338       0x54 build/zero/usart_sam_ba.o
                0x0000000000000338                add_crc
 .text.delay    0x000000000000038c       0x10 build/zero/utils.o
                0x000000000000038c                delay
 .text.writeNum
                0x000000000000039c       0x38 build/zero/utils.o
                0x000000000000039c                writeNum
 .text.resetIntoApp
                0x00000000000003d4       0x28 build/zero/utils.o
                0x00000000000003d4                resetIntoApp
 .text.timerTick
                0x00000000000003fc       0x40 build/zero/utils.o
                0x00000000000003fc                timerTick
 .text.resetIntoBootloader
                0x000000000000043c       0x28 build/zero/utils.o
                0x000000000000043c                resetIntoBootloader
 .text.led_tick
                0x0000000000000464       0x80 build/zero/utils.o
                0x0000000000000464                led_tick
 .text.led_signal
                0x00000000000004e4       0x2c build/zero/utils.o
                0x00000000000004e4                led_signal
 .text.led_init
                0x0000000000000510       0x10 build/zero/utils.o
                0x0000000000000510                led_init
 .text.RGBLED_set_color
                0x0000000000000520        0x2 build/zero/utils.o
                0x0000000000000520                RGBLED_set_color
 *fill*         0x0000000000000522        0x2 
 .text.AT91F_InitUSB
                0x0000000000000524      0x108 build/zero/cdc_enumerate.o
                0x0000000000000524                AT91F_InitUSB
 .text.USB_ReadCore
                0x000000000000062c       0xe0 build/zero/cdc_enumerate.o
                0x000000000000062c                USB_ReadCore
 .text.USB_Read
                0x000000000000070c        0xa build/zero/cdc_enumerate.o
                0x000000000000070c                USB_Read
 .text.USB_ReadBlocking
                0x0000000000000716       0x22 build/zero/cdc_enumerate.o
                0x0000000000000716                USB_ReadBlocking
 .text.USB_WriteCore
                0x0000000000000738       0x94 build/zero/cdc_enumerate.o
                0x0000000000000738                USB_WriteCore
 .text.USB_Write
                0x00000000000007cc        0xa build/zero/cdc_enumerate.o
                0x00000000000007cc                USB_Write
 *fill*         0x00000000000007d6        0x2 
 .text.sendCtrl
                0x00000000000007d8       0x1c build/zero/cdc_enumerate.o
 .text.AT91F_USB_SendZlp
                0x00000000000007f4       0x10 build/zero/cdc_enumerate.o
                0x00000000000007f4                AT91F_USB_SendZlp
 .text.USB_Ok   0x0000000000000804      0x4ec build/zero/cdc_enumerate.o
                0x0000000000000804                USB_Ok
 .text.usb_init
                0x0000000000000cf0       0x20 build/zero/cdc_enumerate.o
                0x0000000000000cf0                usb_init
 .text.cdc_write_buf
                0x0000000000000d10        0xe build/zero/cdc_enumerate.o
                0x0000000000000d10                cdc_write_buf
 .text.cdc_write_buf_xmd
                0x0000000000000d1e        0xe build/zero/cdc_enumerate.o
                0x0000000000000d1e                cdc_write_buf_xmd
 .text.cdc_read_buf
                0x0000000000000d2c       0x1e build/zero/cdc_enumerate.o
                0x0000000000000d2c                cdc_read_buf
 .text.cdc_read_buf_xmd
                0x0000000000000d4a       0x22 build/zero/cdc_enumerate.o
                0x0000000000000d4a                cdc_read_buf_xmd
 .text.padded_memcpy
                0x0000000000000d6c       0x20 build/zero/fat.o
                0x0000000000000d6c                padded_memcpy
 .text.read_block
                0x0000000000000d8c      0x178 build/zero/fat.o
                0x0000000000000d8c                read_block
 .text.write_block
                0x0000000000000f04       0xe8 build/zero/fat.o
                0x0000000000000f04                write_block
 .text.startup.main
                0x0000000000000fec      0x124 build/zero/main.o
                0x0000000000000fec                main
 .text.udi_msc_clear_sense
                0x0000000000001110       0x1c build/zero/msc.o
 .text.handover_flash
                0x000000000000112c       0x34 build/zero/msc.o
 .text.try_read_cbw
                0x0000000000001160       0x2c build/zero/msc.o
                0x0000000000001160                try_read_cbw
 .text.udi_msc_csw_send
                0x000000000000118c       0x14 build/zero/msc.o
                0x000000000000118c                udi_msc_csw_send
 .text.udi_msc_csw_process
                0x00000000000011a0       0x38 build/zero/msc.o
 .text.udi_msc_data_send
                0x00000000000011d8       0x6c build/zero/msc.o
 .text.udi_msc_spc_mode_sense
                0x0000000000001244       0x70 build/zero/msc.o
 .text.udi_msc_sbc_trans
                0x00000000000012b4       0xc8 build/zero/msc.o
 .text.process_msc
                0x000000000000137c      0x140 build/zero/msc.o
                0x000000000000137c                process_msc
 .text.handoverPrep
                0x00000000000014bc       0x24 build/zero/msc.o
                0x00000000000014bc                handoverPrep
 .text.handover
                0x00000000000014e0       0xe4 build/zero/msc.o
 .text.call_applet
                0x00000000000015c4       0x24 build/zero/sam_ba_monitor.o
                0x00000000000015c4                call_applet
 .text.put_uint32
                0x00000000000015e8       0x16 build/zero/sam_ba_monitor.o
                0x00000000000015e8                put_uint32
 *fill*         0x00000000000015fe        0x2 
 .text.sam_ba_monitor_run
                0x0000000000001600      0x254 build/zero/sam_ba_monitor.o
                0x0000000000001600                sam_ba_monitor_run
 .text.recv_hf2
                0x0000000000001854       0x56 build/zero/hid.o
                0x0000000000001854                recv_hf2
 .text.send_hf2
                0x00000000000018aa       0x46 build/zero/hid.o
                0x00000000000018aa                send_hf2
 .text.send_hf2_response
                0x00000000000018f0       0x14 build/zero/hid.o
                0x00000000000018f0                send_hf2_response
 .text.process_core
                0x0000000000001904       0xf8 build/zero/hid.o
                0x0000000000001904                process_core
 .text.process_hid
                0x00000000000019fc       0x28 build/zero/hid.o
                0x00000000000019fc                process_hid
 .text.hidHandoverLoop
                0x0000000000001a24       0x24 build/zero/hid.o
                0x0000000000001a24                hidHandoverLoop
 .text          0x0000000000001a48       0x14 /usr/bin/../lib/gcc/arm-none-eabi/7.3.1/thumb/v6-m/libgcc.a(_thumb1_case_uqi.o)
                0x0000000000001a48                __gnu_thumb1_case_uqi
 .text.memcpy   0x0000000000001a5c       0x12 /usr/bin/../lib/gcc/arm-none-eabi/7.3.1/../../../../arm-none-eabi/lib/thumb/v6-m/libg_nano.a(lib_a-memcpy-stub.o)
                0x0000000000001a5c                memcpy
 .text.memset   0x0000000000001a6e       0x10 /usr/bin/../lib/gcc/arm-none-eabi/7.3.1/../../../../arm-none-eabi/lib/thumb/v6-m/libg_nano.a(lib_a-memset.o)
                0x0000000000001a6e                memset
 .text          0x0000000000001a7e        0xe /usr/bin/../lib/gcc/arm-none-eabi/7.3.1/../../../../arm-none-eabi/lib/thumb/v6-m/libg_nano.a(lib_a-strlen.o)
                0x0000000000001a7e                strlen
 *(.glue_7t)
 .glue_7t       0x0000000000001a8c        0x0 linker stubs
 *(.glue_7)
 .glue_7        0x0000000000001a8c        0x0 linker stubs
 *(.rodata .rodata* .gnu.linkonce.r.*)
 .rodata        0x0000000000001a8c       0x10 build/zero/cdc_enumerate.o
 .rodata.devDescriptor
                0x0000000000001a9c       0x12 build/zero/cdc_enumerate.o
                0x0000000000001a9c                devDescriptor
 *fill*         0x0000000000001aae        0x2 
 .rodata.hidDescriptor
                0x0000000000001ab0       0x21 build/zero/cdc_enumerate.o
                0x0000000000001ab0                hidDescriptor
 .rodata.str1.1
                0x0000000000001ad1       0x19 build/zero/cdc_enumerate.o
 *fill*         0x0000000000001aea        0x2 
 .rodata.string_descriptors
                0x0000000000001aec       0x10 build/zero/cdc_enumerate.o
 .rodata.BootBlock
                0x0000000000001afc       0x3e build/zero/fat.o
 .rodata.indexFile
                0x0000000000001b3a       0x67 build/zero/fat.o
                0x0000000000001b3a                indexFile
 *fill*         0x0000000000001ba1        0x3 
 .rodata.info   0x0000000000001ba4       0x30 build/zero/fat.o
 .rodata.infoUf2File
                0x0000000000001bd4       0x63 build/zero/fat.o
                0x0000000000001bd4                infoUf2File
 .rodata        0x0000000000001c37        0xc build/zero/msc.o
 .rodata.process_msc.str1.1
                0x0000000000001c43        0xd build/zero/msc.o
 .rodata.fullVersion
                0x0000000000001c43       0x2a build/zero/sam_ba_monitor.o
 .rodata.sam_ba_monitor_run.str1.1
                0x0000000000001c6d       0x10 build/zero/sam_ba_monitor.o
 *(.ARM.extab* .gnu.linkonce.armextab.*)
                0x0000000000001c80                . = ALIGN (0x4)
 *fill*         0x0000000000001c7d        0x3 
 *(.init)
                0x0000000000001c80                . = ALIGN (0x4)
                0x0000000000001c80                __preinit_array_start = .
 *(.preinit_array)
                0x0000000000001c80                __preinit_array_end = .
                0x0000000000001c80                . = ALIGN (0x4)
                0x0000000000001c80                __init_array_start = .
 *(SORT_BY_NAME(.init_array.*))
 *(.init_array)
                0x0000000000001c80                __init_array_end = .
                0x0000000000001c80                . = ALIGN (0x4)
 *crtbegin.o(.ctors)
 *(EXCLUDE_FILE(*crtend.o) .ctors)
 *(SORT_BY_NAME(.ctors.*))
 *crtend.o(.ctors)
                0x0000000000001c80                . = ALIGN (0x4)
                0x0000000000001c80                _efixed = .
                [!provide]                        PROVIDE (__exidx_start = .)

.vfp11_veneer   0x0000000000001c80        0x0
 .vfp11_veneer  0x0000000000001c80        0x0 linker stubs

.v4_bx          0x0000000000001c80        0x0
 .v4_bx         0x0000000000001c80        0x0 linker stubs

.iplt           0x0000000000001c80        0x0
 .iplt          0x0000000000001c80        0x0 build/zero/flash_samd21.o

.igot.plt       0x0000000000001c80        0x0
 .igot.plt      0x0000000000001c80        0x0 build/zero/flash_samd21.o

.rel.dyn        0x0000000000001c80        0x0
 .rel.iplt      0x0000000000001c80        0x0 build/zero/flash_samd21.o

.ARM.exidx
 *(.ARM.exidx* .gnu.linkonce.armexidx.*)
                [!provide]                        PROVIDE (__exidx_end = .)
                0x0000000000001c80                . = ALIGN (0x4)
                0x0000000000001c80                _etext = .

.relocate       0x0000000020000000      0x1cc load address 0x0000000000001c80
                0x0000000020000000                . = ALIGN (0x4)
                0x0000000020000000                _srelocate = .
 *(.ramfunc .ramfunc.*)
 *(.data .data.*)
 .data.led_tick_step
                0x0000000020000000        0x1 build/zero/utils.o
                0x0000000020000000                led_tick_step
 .data.limit    0x0000000020000001        0x1 build/zero/utils.o
 *fill*         0x0000000020000002        0x2 
 .data.bosDescriptor
                0x0000000020000004       0x39 build/zero/cdc_enumerate.o
 *fill*         0x000000002000003d        0x3 
 .data.cfgDescriptor
                0x0000000020000040       0x99 build/zero/cdc_enumerate.o
                0x0000000020000040                cfgDescriptor
 *fill*         0x00000000200000d9        0x3 
 .data.hidCfgDescriptor
                0x00000000200000dc        0x9 build/zero/cdc_enumerate.o
                0x00000000200000dc                hidCfgDescriptor
 *fill*         0x00000000200000e5        0x3 
 .data.line_coding
                0x00000000200000e8        0x8 build/zero/cdc_enumerate.o
 .data.msOS20Descriptor
                0x00000000200000f0       0xaa build/zero/cdc_enumerate.o
 .data.udi_msc_csw
                0x000000002000019a        0xd build/zero/msc.o
 *fill*         0x00000000200001a7        0x1 
 .data.udi_msc_inquiry_data.12057
                0x00000000200001a8       0x24 build/zero/msc.o
                0x00000000200001cc                . = ALIGN (0x4)
                0x00000000200001cc                _erelocate = .

.bss            0x00000000200001cc      0xc08 load address 0x0000000000001e4c
                0x00000000200001cc                . = ALIGN (0x4)
                0x00000000200001cc                _sbss = .
                0x00000000200001cc                _szero = .
 *(.bss .bss.*)
 .bss.crcCache  0x00000000200001cc      0x200 build/zero/usart_sam_ba.o
 .bss.now       0x00000000200003cc        0x4 build/zero/utils.o
 .bss.signal_end
                0x00000000200003d0        0x4 build/zero/utils.o
 .bss.timerLow  0x00000000200003d4        0x4 build/zero/utils.o
 .bss.currentConfiguration
                0x00000000200003d8        0x1 build/zero/cdc_enumerate.o
 .bss.serial_number
                0x00000000200003d9       0x21 build/zero/cdc_enumerate.o
 .bss.wLength   0x00000000200003fa        0x2 build/zero/cdc_enumerate.o
 .bss.main_b_cdc_enable
                0x00000000200003fc        0x1 build/zero/main.o
 *fill*         0x00000000200003fd        0x3 
 .bss.block_buffer
                0x0000000020000400      0x200 build/zero/msc.o
 .bss.sense.12080
                0x0000000020000600       0x14 build/zero/msc.o
 .bss.udi_msc_capacity.12090
                0x0000000020000614        0x8 build/zero/msc.o
 .bss.udi_msc_cbw
                0x000000002000061c       0x1f build/zero/msc.o
 .bss.udi_msc_sense
                0x000000002000063b       0x12 build/zero/msc.o
 *fill*         0x000000002000064d        0x3 
 .bss.usbWriteState
                0x0000000020000650       0x98 build/zero/msc.o
 .bss.b_sam_ba_interface_usart
                0x00000000200006e8        0x1 build/zero/sam_ba_monitor.o
                0x00000000200006e8                b_sam_ba_interface_usart
 *fill*         0x00000000200006e9        0x3 
 .bss.src_buff_addr.11502
                0x00000000200006ec        0x4 build/zero/sam_ba_monitor.o
 .bss.hidbufData
                0x00000000200006f0      0x188 build/zero/hid.o
 .bss.webbufData
                0x0000000020000878      0x188 build/zero/hid.o
 *(COMMON)
 COMMON         0x0000000020000a00        0x8 build/zero/utils.o
                0x0000000020000a00                timerHigh
                0x0000000020000a04                resetHorizon
 COMMON         0x0000000020000a08      0x364 build/zero/cdc_enumerate.o
                0x0000000020000a08                ctrlOutCache
                0x0000000020000a4c                usb_endpoint_table
                0x0000000020000b4c                endpointCache
 COMMON         0x0000000020000d6c       0x68 build/zero/sam_ba_monitor.o
                0x0000000020000d6c                j
                0x0000000020000d70                length
                0x0000000020000d74                ptr
                0x0000000020000d78                command
                0x0000000020000d7c                i
                0x0000000020000d80                data
                0x0000000020000dc4                ptr_data
                0x0000000020000dc8                sp
                0x0000000020000dcc                current_number
                0x0000000020000dd0                u32tmp
                0x0000000020000dd4                . = ALIGN (0x4)
                0x0000000020000dd4                _ebss = .
                0x0000000020000dd4                _ezero = .

.stack          0x0000000020000dd4     0x2004 load address 0x0000000000002a54
                0x0000000020000dd8                . = ALIGN (0x8)
 *fill*         0x0000000020000dd4        0x4 
                0x0000000020000dd8                _sstack = .
                0x0000000020002dd8                . = (. + STACK_SIZE)
 *fill*         0x0000000020000dd8     0x2000 
                0x0000000020002dd8                . = ALIGN (0x8)
                0x0000000020002dd8                _estack = .
                0x0000000020002dd8                . = ALIGN (0x4)
                0x0000000020002dd8                _end = .
                0x0000000000001ff0                _binfo_start = 0x1ff0

.binfo          0x0000000000001ff0       0x10
 *(.binfo)
 .binfo         0x0000000000001ff0       0x10 build/zero/msc.o
                0x0000000000001ff0                binfo
OUTPUT(build/zero/bootloader-zero-v3.3.0-6-g9262ab2-dirty.elf elf32-littlearm)

.debug_info     0x0000000000000000    0x17e7f
 .debug_info    0x0000000000000000      0xfa6 build/zero/flash_samd21.o
 .debug_info    0x0000000000000fa6     0x2335 build/zero/init_samd21.o
 .debug_info    0x00000000000032db     0x35c5 build/zero/startup_samd21.o
 .debug_info    0x00000000000068a0     0x3d04 build/zero/usart_sam_ba.o
 .debug_info    0x000000000000a5a4     0x122a build/zero/utils.o
 .debug_info    0x000000000000b7ce     0x4435 build/zero/cdc_enumerate.o
 .debug_info    0x000000000000fc03      0xfe0 build/zero/fat.o
 .debug_info    0x0000000000010be3     0x1978 build/zero/main.o
 .debug_info    0x000000000001255b     0x38bb build/zero/msc.o
 .debug_info    0x0000000000015e16      0xe01 build/zero/sam_ba_monitor.o
 .debug_info    0x0000000000016c17     0x1268 build/zero/hid.o

.debug_abbrev   0x0000000000000000     0x27e4
 .debug_abbrev  0x0000000000000000      0x2c1 build/zero/flash_samd21.o
 .debug_abbrev  0x00000000000002c1      0x32c build/zero/init_samd21.o
 .debug_abbrev  0x00000000000005ed      0x25b build/zero/startup_samd21.o
 .debug_abbrev  0x0000000000000848      0x48b build/zero/usart_sam_ba.o
 .debug_abbrev  0x0000000000000cd3      0x366 build/zero/utils.o
 .debug_abbrev  0x0000000000001039      0x4da build/zero/cdc_enumerate.o
 .debug_abbrev  0x0000000000001513      0x319 build/zero/fat.o
 .debug_abbrev  0x000000000000182c      0x35d build/zero/main.o
 .debug_abbrev  0x0000000000001b89      0x4fd build/zero/msc.o
 .debug_abbrev  0x0000000000002086      0x386 build/zero/sam_ba_monitor.o
 .debug_abbrev  0x000000000000240c      0x3d8 build/zero/hid.o

.debug_loc      0x0000000000000000     0x28a5
 .debug_loc     0x0000000000000000      0x3a6 build/zero/flash_samd21.o
 .debug_loc     0x00000000000003a6       0x78 build/zero/init_samd21.o
 .debug_loc     0x000000000000041e       0x2b build/zero/startup_samd21.o
 .debug_loc     0x0000000000000449      0x7d4 build/zero/usart_sam_ba.o
 .debug_loc     0x0000000000000c1d      0x143 build/zero/utils.o
 .debug_loc     0x0000000000000d60      0xb1e build/zero/cdc_enumerate.o
 .debug_loc     0x000000000000187e      0x4b7 build/zero/fat.o
 .debug_loc     0x0000000000001d35       0x6e build/zero/main.o
 .debug_loc     0x0000000000001da3      0x495 build/zero/msc.o
 .debug_loc     0x0000000000002238      0x1d5 build/zero/sam_ba_monitor.o
 .debug_loc     0x000000000000240d      0x498 build/zero/hid.o

.debug_aranges  0x0000000000000000      0x390
 .debug_aranges
                0x0000000000000000       0x48 build/zero/flash_samd21.o
 .debug_aranges
                0x0000000000000048       0x38 build/zero/init_samd21.o
 .debug_aranges
                0x0000000000000080       0x30 build/zero/startup_samd21.o
 .debug_aranges
                0x00000000000000b0       0x88 build/zero/usart_sam_ba.o
 .debug_aranges
                0x0000000000000138       0x68 build/zero/utils.o
 .debug_aranges
                0x00000000000001a0       0x98 build/zero/cdc_enumerate.o
 .debug_aranges
                0x0000000000000238       0x30 build/zero/fat.o
 .debug_aranges
                0x0000000000000268       0x20 build/zero/main.o
 .debug_aranges
                0x0000000000000288       0x80 build/zero/msc.o
 .debug_aranges
                0x0000000000000308       0x40 build/zero/sam_ba_monitor.o
 .debug_aranges
                0x0000000000000348       0x48 build/zero/hid.o

.debug_ranges   0x0000000000000000      0x580
 .debug_ranges  0x0000000000000000       0x70 build/zero/flash_samd21.o
 .debug_ranges  0x0000000000000070       0x48 build/zero/init_samd21.o
 .debug_ranges  0x00000000000000b8       0x20 build/zero/startup_samd21.o
 .debug_ranges  0x00000000000000d8       0x78 build/zero/usart_sam_ba.o
 .debug_ranges  0x0000000000000150       0x90 build/zero/utils.o
 .debug_ranges  0x00000000000001e0       0xf0 build/zero/cdc_enumerate.o
 .debug_ranges  0x00000000000002d0       0xc8 build/zero/fat.o
 .debug_ranges  0x0000000000000398       0x28 build/zero/main.o
 .debug_ranges  0x00000000000003c0       0xd8 build/zero/msc.o
 .debug_ranges  0x0000000000000498       0x60 build/zero/sam_ba_monitor.o
 .debug_ranges  0x00000000000004f8       0x88 build/zero/hid.o

.debug_line     0x0000000000000000     0x2061
 .debug_line    0x0000000000000000      0x24a build/zero/flash_samd21.o
 .debug_line    0x000000000000024a      0x253 build/zero/init_samd21.o
 .debug_line    0x000000000000049d      0x1aa build/zero/startup_samd21.o
 .debug_line    0x0000000000000647      0x3e0 build/zero/usart_sam_ba.o
 .debug_line    0x0000000000000a27      0x2d2 build/zero/utils.o
 .debug_line    0x0000000000000cf9      0x4c4 build/zero/cdc_enumerate.o
 .debug_line    0x00000000000011bd      0x2b4 build/zero/fat.o
 .debug_line    0x0000000000001471      0x255 build/zero/main.o
 .debug_line    0x00000000000016c6      0x483 build/zero/msc.o
 .debug_line    0x0000000000001b49      0x2b3 build/zero/sam_ba_monitor.o
 .debug_line    0x0000000000001dfc      0x265 build/zero/hid.o

.debug_str      0x0000000000000000     0x3de0
 .debug_str     0x0000000000000000      0x71d build/zero/flash_samd21.o
                                        0x800 (size before relaxing)
 .debug_str     0x000000000000071d      0x6f4 build/zero/init_samd21.o
                                        0xe90 (size before relaxing)
 .debug_str     0x0000000000000e11      0xedd build/zero/startup_samd21.o
                                       0x1353 (size before relaxing)
 .debug_str     0x0000000000001cee      0xc48 build/zero/usart_sam_ba.o
                                       0x13cb (size before relaxing)
 .debug_str     0x0000000000002936       0xc3 build/zero/utils.o
                                        0x86b (size before relaxing)
 .debug_str     0x00000000000029f9      0x43e build/zero/cdc_enumerate.o
                                       0x1638 (size before relaxing)
 .debug_str     0x0000000000002e37      0x29f build/zero/fat.o
                                        0x8fb (size before relaxing)
 .debug_str     0x00000000000030d6       0x86 build/zero/main.o
                                        0xafa (size before relaxing)
 .debug_str     0x000000000000315c      0x9dc build/zero/msc.o
                                       0x18bf (size before relaxing)
 .debug_str     0x0000000000003b38       0xa9 build/zero/sam_ba_monitor.o
                                        0x7a4 (size before relaxing)
 .debug_str     0x0000000000003be1      0x1ff build/zero/hid.o
                                        0x8e6 (size before relaxing)

.comment        0x0000000000000000       0x7f
 .comment       0x0000000000000000       0x7f build/zero/flash_samd21.o
                                         0x80 (size before relaxing)
 .comment       0x000000000000007f       0x80 build/zero/init_samd21.o
 .comment       0x000000000000007f       0x80 build/zero/startup_samd21.o
 .comment       0x000000000000007f       0x80 build/zero/usart_sam_ba.o
 .comment       0x000000000000007f       0x80 build/zero/utils.o
 .comment       0x000000000000007f       0x80 build/zero/cdc_enumerate.o
 .comment       0x000000000000007f       0x80 build/zero/fat.o
 .comment       0x000000000000007f       0x80 build/zero/main.o
 .comment       0x000000000000007f       0x80 build/zero/msc.o
 .comment       0x000000000000007f       0x80 build/zero/sam_ba_monitor.o
 .comment       0x000000000000007f       0x80 build/zero/hid.o

.ARM.attributes
                0x0000000000000000       0x30
 .ARM.attributes
                0x0000000000000000       0x32 build/zero/flash_samd21.o
 .ARM.attributes
                0x0000000000000032       0x32 build/zero/init_samd21.o
 .ARM.attributes
                0x0000000000000064       0x32 build/zero/startup_samd21.o
 .ARM.attributes
                0x0000000000000096       0x32 build/zero/usart_sam_ba.o
 .ARM.attributes
                0x00000000000000c8       0x32 build/zero/utils.o
 .ARM.attributes
                0x00000000000000fa       0x32 build/zero/cdc_enumerate.o
 .ARM.attributes
                0x000000000000012c       0x32 build/zero/fat.o
 .ARM.attributes
                0x000000000000015e       0x32 build/zero/main.o
 .ARM.attributes
                0x0000000000000190       0x32 build/zero/msc.o
 .ARM.attributes
                0x00000000000001c2       0x32 build/zero/sam_ba_monitor.o
 .ARM.attributes
                0x00000000000001f4       0x32 build/zero/hid.o
 .ARM.attributes
                0x0000000000000226       0x1e /usr/bin/../lib/gcc/arm-none-eabi/7.3.1/thumb/v6-m/libgcc.a(_thumb1_case_uqi.o)
 .ARM.attributes
                0x0000000000000244       0x2c /usr/bin/../lib/gcc/arm-none-eabi/7.3.1/../../../../arm-none-eabi/lib/thumb/v6-m/libg_nano.a(lib_a-memcpy-stub.o)
 .ARM.attributes
                0x0000000000000270       0x2c /usr/bin/../lib/gcc/arm-none-eabi/7.3.1/../../../../arm-none-eabi/lib/thumb/v6-m/libg_nano.a(lib_a-memset.o)
 .ARM.attributes
                0x000000000000029c       0x1c /usr/bin/../lib/gcc/arm-none-eabi/7.3.1/../../../../arm-none-eabi/lib/thumb/v6-m/libg_nano.a(lib_a-strlen.o)

.debug_frame    0x0000000000000000      0x934
 .debug_frame   0x0000000000000000       0xb4 build/zero/flash_samd21.o
 .debug_frame   0x00000000000000b4       0x68 build/zero/init_samd21.o
 .debug_frame   0x000000000000011c       0x4c build/zero/startup_samd21.o
 .debug_frame   0x0000000000000168      0x184 build/zero/usart_sam_ba.o
 .debug_frame   0x00000000000002ec       0xcc build/zero/utils.o
 .debug_frame   0x00000000000003b8      0x1d0 build/zero/cdc_enumerate.o
 .debug_frame   0x0000000000000588       0x68 build/zero/fat.o
 .debug_frame   0x00000000000005f0       0x34 build/zero/main.o
 .debug_frame   0x0000000000000624      0x170 build/zero/msc.o
 .debug_frame   0x0000000000000794       0x98 build/zero/sam_ba_monitor.o
 .debug_frame   0x000000000000082c       0xc0 build/zero/hid.o
 .debug_frame   0x00000000000008ec       0x28 /usr/bin/../lib/gcc/arm-none-eabi/7.3.1/../../../../arm-none-eabi/lib/thumb/v6-m/libg_nano.a(lib_a-memcpy-stub.o)
 .debug_frame   0x0000000000000914       0x20 /usr/bin/../lib/gcc/arm-none-eabi/7.3.1/../../../../arm-none-eabi/lib/thumb/v6-m/libg_nano.a(lib_a-memset.o)

Cross Reference Table

Symbol                                            File
AC_Handler                                        build/zero/startup_samd21.o
ADC_Handler                                       build/zero/startup_samd21.o
AT91F_InitUSB                                     build/zero/cdc_enumerate.o
AT91F_USB_SendZlp                                 build/zero/cdc_enumerate.o
DAC_Handler                                       build/zero/startup_samd21.o
DMAC_Handler                                      build/zero/startup_samd21.o
Dummy_Handler                                     build/zero/startup_samd21.o
EIC_Handler                                       build/zero/startup_samd21.o
EVSYS_Handler                                     build/zero/startup_samd21.o
HardFault_Handler                                 build/zero/startup_samd21.o
I2S_Handler                                       build/zero/startup_samd21.o
NMI_Handler                                       build/zero/startup_samd21.o
NVMCTRL_Handler                                   build/zero/startup_samd21.o
PM_Handler                                        build/zero/startup_samd21.o
PTC_Handler                                       build/zero/startup_samd21.o
PendSV_Handler                                    build/zero/startup_samd21.o
RGBLED_set_color                                  build/zero/utils.o
                                                  build/zero/sam_ba_monitor.o
                                                  build/zero/main.o
RTC_Handler                                       build/zero/startup_samd21.o
Reset_Handler                                     build/zero/startup_samd21.o
SERCOM0_Handler                                   build/zero/startup_samd21.o
SERCOM1_Handler                                   build/zero/startup_samd21.o
SERCOM2_Handler                                   build/zero/startup_samd21.o
SERCOM3_Handler                                   build/zero/startup_samd21.o
SERCOM4_Handler                                   build/zero/startup_samd21.o
SERCOM5_Handler                                   build/zero/startup_samd21.o
SVC_Handler                                       build/zero/startup_samd21.o
SYSCTRL_Handler                                   build/zero/startup_samd21.o
SysTick_Handler                                   build/zero/init_samd21.o
TC3_Handler                                       build/zero/startup_samd21.o
TC4_Handler                                       build/zero/startup_samd21.o
TC5_Handler                                       build/zero/startup_samd21.o
TCC0_Handler                                      build/zero/startup_samd21.o
TCC1_Handler                                      build/zero/startup_samd21.o
TCC2_Handler                                      build/zero/startup_samd21.o
USB_Handler                                       build/zero/startup_samd21.o
USB_Ok                                            build/zero/cdc_enumerate.o
                                                  build/zero/msc.o
                                                  build/zero/main.o
USB_Read                                          build/zero/cdc_enumerate.o
USB_ReadBlocking                                  build/zero/cdc_enumerate.o
                                                  build/zero/msc.o
USB_ReadCore                                      build/zero/cdc_enumerate.o
                                                  build/zero/hid.o
                                                  build/zero/msc.o
USB_Write                                         build/zero/cdc_enumerate.o
                                                  build/zero/msc.o
USB_WriteCore                                     build/zero/cdc_enumerate.o
                                                  build/zero/hid.o
                                                  build/zero/msc.o
WDT_Handler                                       build/zero/startup_samd21.o
__gnu_thumb1_case_uqi                             /usr/bin/../lib/gcc/arm-none-eabi/7.3.1/thumb/v6-m/libgcc.a(_thumb1_case_uqi.o)
                                                  build/zero/hid.o
_erelocate                                        build/zero/startup_samd21.o
_estack                                           build/zero/startup_samd21.o
_etext                                            build/zero/startup_samd21.o
_ezero                                            build/zero/startup_samd21.o
_sfixed                                           build/zero/startup_samd21.o
_srelocate                                        build/zero/startup_samd21.o
_szero                                            build/zero/startup_samd21.o
add_crc                                           build/zero/usart_sam_ba.o
                                                  build/zero/hid.o
                                                  build/zero/sam_ba_monitor.o
arrowLogo                                         build/zero/images.o
b_sam_ba_interface_usart                          build/zero/sam_ba_monitor.o
b_sharp_received                                  build/zero/usart_sam_ba.o
binfo                                             build/zero/msc.o
buffer_rx_usart                                   build/zero/usart_sam_ba.o
buffer_tx_usart                                   build/zero/usart_sam_ba.o
call_applet                                       build/zero/sam_ba_monitor.o
cdc_is_rx_ready                                   build/zero/cdc_enumerate.o
cdc_read_buf                                      build/zero/cdc_enumerate.o
                                                  build/zero/sam_ba_monitor.o
cdc_read_buf_xmd                                  build/zero/cdc_enumerate.o
                                                  build/zero/sam_ba_monitor.o
cdc_write_buf                                     build/zero/cdc_enumerate.o
                                                  build/zero/sam_ba_monitor.o
cdc_write_buf_xmd                                 build/zero/cdc_enumerate.o
                                                  build/zero/sam_ba_monitor.o
cfgDescriptor                                     build/zero/cdc_enumerate.o
command                                           build/zero/sam_ba_monitor.o
copy_words                                        build/zero/flash_samd21.o
                                                  build/zero/hid.o
ctrlOutCache                                      build/zero/cdc_enumerate.o
current_number                                    build/zero/sam_ba_monitor.o
data                                              build/zero/sam_ba_monitor.o
delay                                             build/zero/utils.o
                                                  build/zero/main.o
devDescriptor                                     build/zero/cdc_enumerate.o
endpointCache                                     build/zero/cdc_enumerate.o
error_timeout                                     build/zero/usart_sam_ba.o
exception_table                                   build/zero/startup_samd21.o
fileLogo                                          build/zero/images.o
flash_erase_row                                   build/zero/flash_samd21.o
flash_erase_to_end                                build/zero/flash_samd21.o
                                                  build/zero/sam_ba_monitor.o
flash_write                                       build/zero/flash_samd21.o
flash_write_row                                   build/zero/flash_samd21.o
                                                  build/zero/hid.o
                                                  build/zero/fat.o
flash_write_words                                 build/zero/flash_samd21.o
                                                  build/zero/sam_ba_monitor.o
font8                                             build/zero/images.o
g_interrupt_enabled                               build/zero/init_samd21.o
getPacket                                         build/zero/usart_sam_ba.o
handoverPrep                                      build/zero/msc.o
                                                  build/zero/hid.o
hidCfgDescriptor                                  build/zero/cdc_enumerate.o
hidDescriptor                                     build/zero/cdc_enumerate.o
hidHandoverLoop                                   build/zero/hid.o
                                                  build/zero/msc.o
i                                                 build/zero/sam_ba_monitor.o
idx_rx_read                                       build/zero/usart_sam_ba.o
idx_rx_write                                      build/zero/usart_sam_ba.o
idx_tx_read                                       build/zero/usart_sam_ba.o
idx_tx_write                                      build/zero/usart_sam_ba.o
indexFile                                         build/zero/fat.o
infoUf2File                                       build/zero/fat.o
                                                  build/zero/hid.o
                                                  build/zero/msc.o
j                                                 build/zero/sam_ba_monitor.o
led_init                                          build/zero/utils.o
                                                  build/zero/main.o
led_signal                                        build/zero/utils.o
                                                  build/zero/sam_ba_monitor.o
                                                  build/zero/msc.o
led_tick                                          build/zero/utils.o
                                                  build/zero/init_samd21.o
led_tick_step                                     build/zero/utils.o
                                                  build/zero/main.o
length                                            build/zero/sam_ba_monitor.o
main                                              build/zero/main.o
                                                  build/zero/startup_samd21.o
memcpy                                            /usr/bin/../lib/gcc/arm-none-eabi/7.3.1/../../../../arm-none-eabi/lib/thumb/v6-m/libg_nano.a(lib_a-memcpy-stub.o)
                                                  build/zero/hid.o
                                                  build/zero/sam_ba_monitor.o
                                                  build/zero/msc.o
                                                  build/zero/fat.o
                                                  build/zero/cdc_enumerate.o
memset                                            /usr/bin/../lib/gcc/arm-none-eabi/7.3.1/../../../../arm-none-eabi/lib/thumb/v6-m/libg_nano.a(lib_a-memset.o)
                                                  build/zero/hid.o
                                                  build/zero/msc.o
                                                  build/zero/fat.o
                                                  build/zero/cdc_enumerate.o
mode_of_transfer                                  build/zero/usart_sam_ba.o
mscReset                                          build/zero/msc.o
msc_reset                                         build/zero/msc.o
padded_memcpy                                     build/zero/fat.o
                                                  build/zero/msc.o
panic                                             build/zero/utils.o
pendriveLogo                                      build/zero/images.o
process_core                                      build/zero/hid.o
process_hid                                       build/zero/hid.o
                                                  build/zero/msc.o
process_msc                                       build/zero/msc.o
                                                  build/zero/sam_ba_monitor.o
ptr                                               build/zero/sam_ba_monitor.o
ptr_data                                          build/zero/sam_ba_monitor.o
put_uint32                                        build/zero/sam_ba_monitor.o
read_block                                        build/zero/fat.o
                                                  build/zero/msc.o
recv_hf2                                          build/zero/hid.o
resetHorizon                                      build/zero/utils.o
                                                  build/zero/main.o
                                                  build/zero/fat.o
resetIntoApp                                      build/zero/utils.o
                                                  build/zero/hid.o
                                                  build/zero/msc.o
resetIntoBootloader                               build/zero/utils.o
                                                  build/zero/hid.o
                                                  build/zero/msc.o
reset_ep                                          build/zero/cdc_enumerate.o
                                                  build/zero/msc.o
sam_ba_monitor_init                               build/zero/sam_ba_monitor.o
sam_ba_monitor_run                                build/zero/sam_ba_monitor.o
                                                  build/zero/main.o
sam_ba_putdata_term                               build/zero/sam_ba_monitor.o
send_hf2                                          build/zero/hid.o
send_hf2_response                                 build/zero/hid.o
size_of_data                                      build/zero/usart_sam_ba.o
sp                                                build/zero/sam_ba_monitor.o
stall_ep                                          build/zero/cdc_enumerate.o
                                                  build/zero/msc.o
strlen                                            /usr/bin/../lib/gcc/arm-none-eabi/7.3.1/../../../../arm-none-eabi/lib/thumb/v6-m/libg_nano.a(lib_a-strlen.o)
                                                  build/zero/hid.o
                                                  build/zero/fat.o
                                                  build/zero/cdc_enumerate.o
system_init                                       build/zero/init_samd21.o
                                                  build/zero/main.o
timerHigh                                         build/zero/utils.o
                                                  build/zero/main.o
                                                  build/zero/fat.o
timerTick                                         build/zero/utils.o
                                                  build/zero/cdc_enumerate.o
try_read_cbw                                      build/zero/msc.o
u32tmp                                            build/zero/sam_ba_monitor.o
uart_basic_init                                   build/zero/uart_driver.o
                                                  build/zero/usart_sam_ba.o
uart_disable                                      build/zero/uart_driver.o
                                                  build/zero/usart_sam_ba.o
uart_drv_error_flag                               build/zero/uart_driver.o
uart_get_sercom_index                             build/zero/uart_driver.o
                                                  build/zero/usart_sam_ba.o
uart_read_buffer_polled                           build/zero/uart_driver.o
uart_read_byte                                    build/zero/uart_driver.o
                                                  build/zero/usart_sam_ba.o
uart_write_buffer_polled                          build/zero/uart_driver.o
uart_write_byte                                   build/zero/uart_driver.o
                                                  build/zero/usart_sam_ba.o
udd_ep_set_halt                                   build/zero/msc.o
udi_msc_csw_send                                  build/zero/msc.o
usart_close                                       build/zero/usart_sam_ba.o
usart_getc                                        build/zero/usart_sam_ba.o
usart_getdata                                     build/zero/usart_sam_ba.o
usart_getdata_xmd                                 build/zero/usart_sam_ba.o
usart_is_rx_ready                                 build/zero/usart_sam_ba.o
usart_open                                        build/zero/usart_sam_ba.o
usart_putc                                        build/zero/usart_sam_ba.o
usart_putdata                                     build/zero/usart_sam_ba.o
usart_putdata_xmd                                 build/zero/usart_sam_ba.o
usart_readc                                       build/zero/usart_sam_ba.o
usart_sharp_received                              build/zero/usart_sam_ba.o
usb_endpoint_table                                build/zero/cdc_enumerate.o
usb_init                                          build/zero/cdc_enumerate.o
                                                  build/zero/main.o
writeNum                                          build/zero/utils.o
                                                  build/zero/sam_ba_monitor.o
                                                  build/zero/cdc_enumerate.o
write_block                                       build/zero/fat.o
                                                  build/zero/msc.o
