Archive member included to satisfy reference by file (symbol)

/usr/bin/../lib/gcc/arm-none-eabi/7.3.1/../../../../arm-none-eabi/lib/thumb/v7e-m/libg_nano.a(lib_a-memcpy-stub.o)
                              build/intech_grid/flash_samd51.o (memcpy)
/usr/bin/../lib/gcc/arm-none-eabi/7.3.1/../../../../arm-none-eabi/lib/thumb/v7e-m/libg_nano.a(lib_a-memset.o)
                              build/intech_grid/cdc_enumerate.o (memset)
/usr/bin/../lib/gcc/arm-none-eabi/7.3.1/../../../../arm-none-eabi/lib/thumb/v7e-m/libg_nano.a(lib_a-strlen.o)
                              build/intech_grid/cdc_enumerate.o (strlen)

Allocating common symbols
Common symbol       size              file

b_sharp_received    0x1               build/intech_grid/usart_sam_ba.o
block_erased        0x80              build/intech_grid/flash_samd51.o
timerHigh           0x4               build/intech_grid/utils.o
j                   0x1               build/intech_grid/sam_ba_monitor.o
idx_rx_write        0x1               build/intech_grid/usart_sam_ba.o
size_of_data        0x2               build/intech_grid/usart_sam_ba.o
ctrlOutCache        0x44              build/intech_grid/cdc_enumerate.o
length              0x4               build/intech_grid/sam_ba_monitor.o
ptr                 0x4               build/intech_grid/sam_ba_monitor.o
command             0x1               build/intech_grid/sam_ba_monitor.o
resetHorizon        0x4               build/intech_grid/utils.o
idx_tx_read         0x1               build/intech_grid/usart_sam_ba.o
i                   0x4               build/intech_grid/sam_ba_monitor.o
buffer_tx_usart     0x80              build/intech_grid/usart_sam_ba.o
error_timeout       0x1               build/intech_grid/usart_sam_ba.o
usb_endpoint_table  0x100             build/intech_grid/cdc_enumerate.o
data                0x41              build/intech_grid/sam_ba_monitor.o
mode_of_transfer    0x1               build/intech_grid/usart_sam_ba.o
ptr_data            0x4               build/intech_grid/sam_ba_monitor.o
idx_rx_read         0x1               build/intech_grid/usart_sam_ba.o
sp                  0x4               build/intech_grid/sam_ba_monitor.o
current_number      0x4               build/intech_grid/sam_ba_monitor.o
idx_tx_write        0x1               build/intech_grid/usart_sam_ba.o
row_same            0x1000            build/intech_grid/flash_samd51.o
endpointCache       0x220             build/intech_grid/cdc_enumerate.o
u32tmp              0x4               build/intech_grid/sam_ba_monitor.o
buffer_rx_usart     0x80              build/intech_grid/usart_sam_ba.o

Discarded input sections

 .text          0x0000000000000000        0x0 build/intech_grid/flash_samd51.o
 .data          0x0000000000000000        0x0 build/intech_grid/flash_samd51.o
 .bss           0x0000000000000000        0x0 build/intech_grid/flash_samd51.o
 .text.flash_erase_block
                0x0000000000000000       0x20 build/intech_grid/flash_samd51.o
 .text          0x0000000000000000        0x0 build/intech_grid/init_samd51.o
 .data          0x0000000000000000        0x0 build/intech_grid/init_samd51.o
 .bss           0x0000000000000000        0x0 build/intech_grid/init_samd51.o
 .text          0x0000000000000000        0x0 build/intech_grid/startup_samd51.o
 .data          0x0000000000000000        0x0 build/intech_grid/startup_samd51.o
 .bss           0x0000000000000000        0x0 build/intech_grid/startup_samd51.o
 .text          0x0000000000000000        0x0 build/intech_grid/usart_sam_ba.o
 .data          0x0000000000000000        0x0 build/intech_grid/usart_sam_ba.o
 .bss           0x0000000000000000        0x0 build/intech_grid/usart_sam_ba.o
 .text.usart_open
                0x0000000000000000       0xb8 build/intech_grid/usart_sam_ba.o
 .text.usart_close
                0x0000000000000000        0xc build/intech_grid/usart_sam_ba.o
 .text.usart_putc
                0x0000000000000000       0x14 build/intech_grid/usart_sam_ba.o
 .text.usart_getc
                0x0000000000000000       0x18 build/intech_grid/usart_sam_ba.o
 .text.usart_sharp_received
                0x0000000000000000       0x2c build/intech_grid/usart_sam_ba.o
 .text.usart_is_rx_ready
                0x0000000000000000       0x10 build/intech_grid/usart_sam_ba.o
 .text.usart_readc
                0x0000000000000000       0x20 build/intech_grid/usart_sam_ba.o
 .text.usart_putdata
                0x0000000000000000       0x24 build/intech_grid/usart_sam_ba.o
 .text.usart_getdata
                0x0000000000000000       0x1c build/intech_grid/usart_sam_ba.o
 .text.getbytes
                0x0000000000000000       0x80 build/intech_grid/usart_sam_ba.o
 .text.getPacket
                0x0000000000000000       0x94 build/intech_grid/usart_sam_ba.o
 .text.usart_putdata_xmd
                0x0000000000000000      0x164 build/intech_grid/usart_sam_ba.o
 .text.usart_getdata_xmd
                0x0000000000000000       0xc0 build/intech_grid/usart_sam_ba.o
 COMMON         0x0000000000000000      0x10c build/intech_grid/usart_sam_ba.o
 .text          0x0000000000000000        0x0 build/intech_grid/screen.o
 .data          0x0000000000000000        0x0 build/intech_grid/screen.o
 .bss           0x0000000000000000        0x0 build/intech_grid/screen.o
 .debug_info    0x0000000000000000      0x919 build/intech_grid/screen.o
 .debug_abbrev  0x0000000000000000      0x197 build/intech_grid/screen.o
 .debug_aranges
                0x0000000000000000       0x18 build/intech_grid/screen.o
 .debug_line    0x0000000000000000      0x131 build/intech_grid/screen.o
 .debug_str     0x0000000000000000      0x5e2 build/intech_grid/screen.o
 .comment       0x0000000000000000       0x80 build/intech_grid/screen.o
 .ARM.attributes
                0x0000000000000000       0x33 build/intech_grid/screen.o
 .text          0x0000000000000000        0x0 build/intech_grid/images.o
 .data          0x0000000000000000        0x0 build/intech_grid/images.o
 .bss           0x0000000000000000        0x0 build/intech_grid/images.o
 .rodata.arrowLogo
                0x0000000000000000       0x39 build/intech_grid/images.o
 .rodata.fileLogo
                0x0000000000000000       0x4a build/intech_grid/images.o
 .rodata.font8  0x0000000000000000      0x240 build/intech_grid/images.o
 .rodata.pendriveLogo
                0x0000000000000000       0x3e build/intech_grid/images.o
 .debug_info    0x0000000000000000      0x118 build/intech_grid/images.o
 .debug_abbrev  0x0000000000000000       0x66 build/intech_grid/images.o
 .debug_aranges
                0x0000000000000000       0x18 build/intech_grid/images.o
 .debug_line    0x0000000000000000       0x90 build/intech_grid/images.o
 .debug_str     0x0000000000000000      0x1b4 build/intech_grid/images.o
 .comment       0x0000000000000000       0x80 build/intech_grid/images.o
 .ARM.attributes
                0x0000000000000000       0x33 build/intech_grid/images.o
 .text          0x0000000000000000        0x0 build/intech_grid/utils.o
 .data          0x0000000000000000        0x0 build/intech_grid/utils.o
 .bss           0x0000000000000000        0x0 build/intech_grid/utils.o
 .text.panic    0x0000000000000000        0x4 build/intech_grid/utils.o
 .text          0x0000000000000000        0x0 build/intech_grid/cdc_enumerate.o
 .data          0x0000000000000000        0x0 build/intech_grid/cdc_enumerate.o
 .bss           0x0000000000000000        0x0 build/intech_grid/cdc_enumerate.o
 .text.USB_Read
                0x0000000000000000        0x8 build/intech_grid/cdc_enumerate.o
 .text.AT91F_USB_SendZlp
                0x0000000000000000       0x18 build/intech_grid/cdc_enumerate.o
 .text.reset_ep
                0x0000000000000000       0x30 build/intech_grid/cdc_enumerate.o
 .text.stall_ep
                0x0000000000000000       0x24 build/intech_grid/cdc_enumerate.o
 .text.cdc_is_rx_ready
                0x0000000000000000       0x18 build/intech_grid/cdc_enumerate.o
 .text          0x0000000000000000        0x0 build/intech_grid/fat.o
 .data          0x0000000000000000        0x0 build/intech_grid/fat.o
 .bss           0x0000000000000000        0x0 build/intech_grid/fat.o
 .text          0x0000000000000000        0x0 build/intech_grid/main.o
 .data          0x0000000000000000        0x0 build/intech_grid/main.o
 .bss           0x0000000000000000        0x0 build/intech_grid/main.o
 .text          0x0000000000000000        0x0 build/intech_grid/msc.o
 .data          0x0000000000000000        0x0 build/intech_grid/msc.o
 .bss           0x0000000000000000        0x0 build/intech_grid/msc.o
 .text.msc_reset
                0x0000000000000000       0x1c build/intech_grid/msc.o
 .text.udd_ep_set_halt
                0x0000000000000000       0x14 build/intech_grid/msc.o
 .text.udi_msc_csw_send
                0x0000000000000000       0x10 build/intech_grid/msc.o
 .bss.mscReset  0x0000000000000000        0x1 build/intech_grid/msc.o
 .text          0x0000000000000000        0x0 build/intech_grid/sam_ba_monitor.o
 .data          0x0000000000000000        0x0 build/intech_grid/sam_ba_monitor.o
 .bss           0x0000000000000000        0x0 build/intech_grid/sam_ba_monitor.o
 .text.sam_ba_monitor_init
                0x0000000000000000        0x4 build/intech_grid/sam_ba_monitor.o
 .text.sam_ba_putdata_term
                0x0000000000000000        0x4 build/intech_grid/sam_ba_monitor.o
 .text.call_applet
                0x0000000000000000       0x24 build/intech_grid/sam_ba_monitor.o
 .text          0x0000000000000000        0x0 build/intech_grid/uart_driver.o
 .data          0x0000000000000000        0x0 build/intech_grid/uart_driver.o
 .bss           0x0000000000000000        0x0 build/intech_grid/uart_driver.o
 .text.uart_get_sercom_index
                0x0000000000000000       0x38 build/intech_grid/uart_driver.o
 .text.uart_basic_init
                0x0000000000000000       0x60 build/intech_grid/uart_driver.o
 .text.uart_disable
                0x0000000000000000       0x14 build/intech_grid/uart_driver.o
 .text.uart_write_byte
                0x0000000000000000        0xc build/intech_grid/uart_driver.o
 .text.uart_read_byte
                0x0000000000000000       0x2c build/intech_grid/uart_driver.o
 .text.uart_write_buffer_polled
                0x0000000000000000       0x18 build/intech_grid/uart_driver.o
 .text.uart_read_buffer_polled
                0x0000000000000000       0x38 build/intech_grid/uart_driver.o
 .rodata        0x0000000000000000       0x20 build/intech_grid/uart_driver.o
 .bss.uart_drv_error_flag
                0x0000000000000000        0x1 build/intech_grid/uart_driver.o
 .debug_info    0x0000000000000000     0x2a56 build/intech_grid/uart_driver.o
 .debug_abbrev  0x0000000000000000      0x2ad build/intech_grid/uart_driver.o
 .debug_loc     0x0000000000000000      0x134 build/intech_grid/uart_driver.o
 .debug_aranges
                0x0000000000000000       0x50 build/intech_grid/uart_driver.o
 .debug_ranges  0x0000000000000000       0x40 build/intech_grid/uart_driver.o
 .debug_line    0x0000000000000000      0x281 build/intech_grid/uart_driver.o
 .debug_str     0x0000000000000000      0xf2b build/intech_grid/uart_driver.o
 .comment       0x0000000000000000       0x80 build/intech_grid/uart_driver.o
 .debug_frame   0x0000000000000000       0xb0 build/intech_grid/uart_driver.o
 .ARM.attributes
                0x0000000000000000       0x33 build/intech_grid/uart_driver.o
 .text          0x0000000000000000        0x0 build/intech_grid/hid.o
 .data          0x0000000000000000        0x0 build/intech_grid/hid.o
 .bss           0x0000000000000000        0x0 build/intech_grid/hid.o
 .text.send_hf2_response
                0x0000000000000000       0x10 build/intech_grid/hid.o
 .text          0x0000000000000000        0x0 /usr/bin/../lib/gcc/arm-none-eabi/7.3.1/../../../../arm-none-eabi/lib/thumb/v7e-m/libg_nano.a(lib_a-memcpy-stub.o)
 .data          0x0000000000000000        0x0 /usr/bin/../lib/gcc/arm-none-eabi/7.3.1/../../../../arm-none-eabi/lib/thumb/v7e-m/libg_nano.a(lib_a-memcpy-stub.o)
 .bss           0x0000000000000000        0x0 /usr/bin/../lib/gcc/arm-none-eabi/7.3.1/../../../../arm-none-eabi/lib/thumb/v7e-m/libg_nano.a(lib_a-memcpy-stub.o)
 .text          0x0000000000000000        0x0 /usr/bin/../lib/gcc/arm-none-eabi/7.3.1/../../../../arm-none-eabi/lib/thumb/v7e-m/libg_nano.a(lib_a-memset.o)
 .data          0x0000000000000000        0x0 /usr/bin/../lib/gcc/arm-none-eabi/7.3.1/../../../../arm-none-eabi/lib/thumb/v7e-m/libg_nano.a(lib_a-memset.o)
 .bss           0x0000000000000000        0x0 /usr/bin/../lib/gcc/arm-none-eabi/7.3.1/../../../../arm-none-eabi/lib/thumb/v7e-m/libg_nano.a(lib_a-memset.o)
 .data          0x0000000000000000        0x0 /usr/bin/../lib/gcc/arm-none-eabi/7.3.1/../../../../arm-none-eabi/lib/thumb/v7e-m/libg_nano.a(lib_a-strlen.o)
 .bss           0x0000000000000000        0x0 /usr/bin/../lib/gcc/arm-none-eabi/7.3.1/../../../../arm-none-eabi/lib/thumb/v7e-m/libg_nano.a(lib_a-strlen.o)

Memory Configuration

Name             Origin             Length             Attributes
rom              0x0000000000000000 0x0000000000004000 xr
ram              0x0000000020000000 0x0000000000030000 xrw
*default*        0x0000000000000000 0xffffffffffffffff

Linker script and memory map

LOAD build/intech_grid/flash_samd51.o
LOAD build/intech_grid/init_samd51.o
LOAD build/intech_grid/startup_samd51.o
LOAD build/intech_grid/usart_sam_ba.o
LOAD build/intech_grid/screen.o
LOAD build/intech_grid/images.o
LOAD build/intech_grid/utils.o
LOAD build/intech_grid/cdc_enumerate.o
LOAD build/intech_grid/fat.o
LOAD build/intech_grid/main.o
LOAD build/intech_grid/msc.o
LOAD build/intech_grid/sam_ba_monitor.o
LOAD build/intech_grid/uart_driver.o
LOAD build/intech_grid/hid.o
START GROUP
LOAD /usr/bin/../lib/gcc/arm-none-eabi/7.3.1/thumb/v7e-m/libgcc.a
LOAD /usr/bin/../lib/gcc/arm-none-eabi/7.3.1/../../../../arm-none-eabi/lib/thumb/v7e-m/libg_nano.a
LOAD /usr/bin/../lib/gcc/arm-none-eabi/7.3.1/../../../../arm-none-eabi/lib/thumb/v7e-m/libc_nano.a
END GROUP
START GROUP
LOAD /usr/bin/../lib/gcc/arm-none-eabi/7.3.1/thumb/v7e-m/libgcc.a
LOAD /usr/bin/../lib/gcc/arm-none-eabi/7.3.1/../../../../arm-none-eabi/lib/thumb/v7e-m/libc_nano.a
LOAD /usr/bin/../lib/gcc/arm-none-eabi/7.3.1/../../../../arm-none-eabi/lib/thumb/v7e-m/libnosys.a
END GROUP
START GROUP
LOAD /usr/bin/../lib/gcc/arm-none-eabi/7.3.1/thumb/v7e-m/libgcc.a
LOAD /usr/bin/../lib/gcc/arm-none-eabi/7.3.1/../../../../arm-none-eabi/lib/thumb/v7e-m/libc_nano.a
LOAD /usr/bin/../lib/gcc/arm-none-eabi/7.3.1/../../../../arm-none-eabi/lib/thumb/v7e-m/libnosys.a
END GROUP
                0x000000000000c000                STACK_SIZE = DEFINED (STACK_SIZE)?STACK_SIZE:DEFINED (__stack_size__)?__stack_size__:0xc000

.text           0x0000000000000000     0x21d0
                0x0000000000000000                . = ALIGN (0x4)
                0x0000000000000000                _sfixed = .
 *(.vectors .vectors.*)
 .vectors       0x0000000000000000      0x264 build/intech_grid/startup_samd51.o
                0x0000000000000000                exception_table
 *(.text .text.* .gnu.linkonce.t.*)
 .text.flash_erase_to_end
                0x0000000000000264       0x34 build/intech_grid/flash_samd51.o
                0x0000000000000264                flash_erase_to_end
 .text.copy_words
                0x0000000000000298       0x18 build/intech_grid/flash_samd51.o
                0x0000000000000298                copy_words
 .text.flash_write_words
                0x00000000000002b0       0x6c build/intech_grid/flash_samd51.o
                0x00000000000002b0                flash_write_words
 .text.flash_write_row
                0x000000000000031c      0x17c build/intech_grid/flash_samd51.o
                0x000000000000031c                flash_write_row
 .text.system_init
                0x0000000000000498       0xec build/intech_grid/init_samd51.o
                0x0000000000000498                system_init
 .text.SysTick_Handler
                0x0000000000000584        0x4 build/intech_grid/init_samd51.o
                0x0000000000000584                SysTick_Handler
 .text.Dummy_Handler
                0x0000000000000588        0x4 build/intech_grid/startup_samd51.o
                0x0000000000000588                EIC_5_Handler
                0x0000000000000588                SERCOM0_2_Handler
                0x0000000000000588                DebugMon_Handler
                0x0000000000000588                EIC_13_Handler
                0x0000000000000588                EVSYS_0_Handler
                0x0000000000000588                TCC1_3_Handler
                0x0000000000000588                DAC_3_Handler
                0x0000000000000588                TRNG_Handler
                0x0000000000000588                HardFault_Handler
                0x0000000000000588                TC2_Handler
                0x0000000000000588                PDEC_2_Handler
                0x0000000000000588                EIC_4_Handler
                0x0000000000000588                AC_Handler
                0x0000000000000588                SERCOM3_1_Handler
                0x0000000000000588                TCC2_3_Handler
                0x0000000000000588                SERCOM3_2_Handler
                0x0000000000000588                PendSV_Handler
                0x0000000000000588                NMI_Handler
                0x0000000000000588                TC7_Handler
                0x0000000000000588                ADC1_1_Handler
                0x0000000000000588                EVSYS_3_Handler
                0x0000000000000588                PDEC_0_Handler
                0x0000000000000588                QSPI_Handler
                0x0000000000000588                TCC0_0_Handler
                0x0000000000000588                EIC_3_Handler
                0x0000000000000588                TAL_0_Handler
                0x0000000000000588                DAC_2_Handler
                0x0000000000000588                SERCOM0_0_Handler
                0x0000000000000588                RTC_Handler
                0x0000000000000588                UsageFault_Handler
                0x0000000000000588                SERCOM4_0_Handler
                0x0000000000000588                EIC_10_Handler
                0x0000000000000588                SERCOM0_3_Handler
                0x0000000000000588                EIC_11_Handler
                0x0000000000000588                EIC_9_Handler
                0x0000000000000588                OSC32KCTRL_Handler
                0x0000000000000588                TCC2_1_Handler
                0x0000000000000588                SUPC_1_Handler
                0x0000000000000588                TCC0_5_Handler
                0x0000000000000588                TCC0_6_Handler
                0x0000000000000588                SERCOM6_2_Handler
                0x0000000000000588                EVSYS_1_Handler
                0x0000000000000588                TCC1_4_Handler
                0x0000000000000588                TC6_Handler
                0x0000000000000588                DMAC_0_Handler
                0x0000000000000588                WDT_Handler
                0x0000000000000588                EIC_8_Handler
                0x0000000000000588                EIC_15_Handler
                0x0000000000000588                SERCOM6_0_Handler
                0x0000000000000588                SERCOM5_0_Handler
                0x0000000000000588                TC4_Handler
                0x0000000000000588                TC1_Handler
                0x0000000000000588                OSCCTRL_4_Handler
                0x0000000000000588                SERCOM4_3_Handler
                0x0000000000000588                EIC_12_Handler
                0x0000000000000588                DMAC_4_Handler
                0x0000000000000588                TCC4_2_Handler
                0x0000000000000588                PAC_Handler
                0x0000000000000588                TCC1_0_Handler
                0x0000000000000588                USB_0_Handler
                0x0000000000000588                OSCCTRL_0_Handler
                0x0000000000000588                EIC_0_Handler
                0x0000000000000588                OSCCTRL_3_Handler
                0x0000000000000588                SERCOM4_1_Handler
                0x0000000000000588                TC3_Handler
                0x0000000000000588                Dummy_Handler
                0x0000000000000588                TCC3_0_Handler
                0x0000000000000588                TCC2_2_Handler
                0x0000000000000588                SERCOM5_1_Handler
                0x0000000000000588                TCC1_1_Handler
                0x0000000000000588                DMAC_2_Handler
                0x0000000000000588                ADC0_0_Handler
                0x0000000000000588                SERCOM0_1_Handler
                0x0000000000000588                OSCCTRL_2_Handler
                0x0000000000000588                ADC1_0_Handler
                0x0000000000000588                TCC1_2_Handler
                0x0000000000000588                SERCOM7_1_Handler
                0x0000000000000588                USB_1_Handler
                0x0000000000000588                PM_Handler
                0x0000000000000588                SERCOM6_3_Handler
                0x0000000000000588                SERCOM2_3_Handler
                0x0000000000000588                DAC_4_Handler
                0x0000000000000588                TCC3_2_Handler
                0x0000000000000588                SERCOM7_0_Handler
                0x0000000000000588                TCC0_2_Handler
                0x0000000000000588                DMAC_1_Handler
                0x0000000000000588                TCC4_0_Handler
                0x0000000000000588                SERCOM7_3_Handler
                0x0000000000000588                SDHC1_Handler
                0x0000000000000588                USB_3_Handler
                0x0000000000000588                SERCOM7_2_Handler
                0x0000000000000588                TCC2_0_Handler
                0x0000000000000588                PDEC_1_Handler
                0x0000000000000588                MemManage_Handler
                0x0000000000000588                TCC4_1_Handler
                0x0000000000000588                SERCOM5_3_Handler
                0x0000000000000588                USB_2_Handler
                0x0000000000000588                SVC_Handler
                0x0000000000000588                SERCOM6_1_Handler
                0x0000000000000588                SDHC0_Handler
                0x0000000000000588                SERCOM1_1_Handler
                0x0000000000000588                I2S_Handler
                0x0000000000000588                EIC_2_Handler
                0x0000000000000588                PCC_Handler
                0x0000000000000588                DAC_0_Handler
                0x0000000000000588                TCC0_1_Handler
                0x0000000000000588                SERCOM1_3_Handler
                0x0000000000000588                EIC_6_Handler
                0x0000000000000588                OSCCTRL_1_Handler
                0x0000000000000588                SERCOM1_0_Handler
                0x0000000000000588                PUKCC_Handler
                0x0000000000000588                SERCOM2_1_Handler
                0x0000000000000588                SERCOM1_2_Handler
                0x0000000000000588                SERCOM3_0_Handler
                0x0000000000000588                EIC_1_Handler
                0x0000000000000588                SERCOM4_2_Handler
                0x0000000000000588                EVSYS_4_Handler
                0x0000000000000588                EIC_7_Handler
                0x0000000000000588                NVMCTRL_1_Handler
                0x0000000000000588                SERCOM5_2_Handler
                0x0000000000000588                SERCOM3_3_Handler
                0x0000000000000588                ADC0_1_Handler
                0x0000000000000588                SERCOM2_2_Handler
                0x0000000000000588                TCC3_1_Handler
                0x0000000000000588                EIC_14_Handler
                0x0000000000000588                DAC_1_Handler
                0x0000000000000588                NVMCTRL_0_Handler
                0x0000000000000588                TAL_1_Handler
                0x0000000000000588                MCLK_Handler
                0x0000000000000588                EVSYS_2_Handler
                0x0000000000000588                SUPC_0_Handler
                0x0000000000000588                BusFault_Handler
                0x0000000000000588                FREQM_Handler
                0x0000000000000588                TC0_Handler
                0x0000000000000588                TCC0_3_Handler
                0x0000000000000588                DMAC_3_Handler
                0x0000000000000588                TCC0_4_Handler
                0x0000000000000588                RAMECC_Handler
                0x0000000000000588                TC5_Handler
                0x0000000000000588                SERCOM2_0_Handler
                0x0000000000000588                AES_Handler
                0x0000000000000588                ICM_Handler
 .text.Reset_Handler
                0x000000000000058c       0x74 build/intech_grid/startup_samd51.o
                0x000000000000058c                Reset_Handler
 .text.add_crc  0x0000000000000600       0x58 build/intech_grid/usart_sam_ba.o
                0x0000000000000600                add_crc
 .text.NVIC_SystemReset
                0x0000000000000658       0x20 build/intech_grid/utils.o
 .text.delay    0x0000000000000678       0x14 build/intech_grid/utils.o
                0x0000000000000678                delay
 .text.writeNum
                0x000000000000068c       0x40 build/intech_grid/utils.o
                0x000000000000068c                writeNum
 .text.resetIntoApp
                0x00000000000006cc       0x14 build/intech_grid/utils.o
                0x00000000000006cc                resetIntoApp
 .text.timerTick
                0x00000000000006e0       0x3c build/intech_grid/utils.o
                0x00000000000006e0                timerTick
 .text.resetIntoBootloader
                0x000000000000071c       0x14 build/intech_grid/utils.o
                0x000000000000071c                resetIntoBootloader
 .text.led_tick
                0x0000000000000730       0x54 build/intech_grid/utils.o
                0x0000000000000730                led_tick
 .text.led_signal
                0x0000000000000784       0x1c build/intech_grid/utils.o
                0x0000000000000784                led_signal
 .text.led_init
                0x00000000000007a0        0x4 build/intech_grid/utils.o
                0x00000000000007a0                led_init
 .text.RGBLED_set_color
                0x00000000000007a4        0x4 build/intech_grid/utils.o
                0x00000000000007a4                RGBLED_set_color
 .text.AT91F_InitUSB
                0x00000000000007a8      0x108 build/intech_grid/cdc_enumerate.o
                0x00000000000007a8                AT91F_InitUSB
 .text.USB_ReadCore
                0x00000000000008b0       0xe4 build/intech_grid/cdc_enumerate.o
                0x00000000000008b0                USB_ReadCore
 .text.USB_ReadBlocking
                0x0000000000000994       0x24 build/intech_grid/cdc_enumerate.o
                0x0000000000000994                USB_ReadBlocking
 .text.USB_WriteCore
                0x00000000000009b8       0x88 build/intech_grid/cdc_enumerate.o
                0x00000000000009b8                USB_WriteCore
 .text.USB_Write
                0x0000000000000a40        0x8 build/intech_grid/cdc_enumerate.o
                0x0000000000000a40                USB_Write
 .text.USB_Ok   0x0000000000000a48      0x570 build/intech_grid/cdc_enumerate.o
                0x0000000000000a48                USB_Ok
 .text.usb_init
                0x0000000000000fb8       0x20 build/intech_grid/cdc_enumerate.o
                0x0000000000000fb8                usb_init
 .text.cdc_write_buf
                0x0000000000000fd8       0x10 build/intech_grid/cdc_enumerate.o
                0x0000000000000fd8                cdc_write_buf
 .text.cdc_write_buf_xmd
                0x0000000000000fe8        0x4 build/intech_grid/cdc_enumerate.o
                0x0000000000000fe8                cdc_write_buf_xmd
 .text.cdc_read_buf
                0x0000000000000fec       0x20 build/intech_grid/cdc_enumerate.o
                0x0000000000000fec                cdc_read_buf
 .text.cdc_read_buf_xmd
                0x000000000000100c       0x2c build/intech_grid/cdc_enumerate.o
                0x000000000000100c                cdc_read_buf_xmd
 .text.padded_memcpy
                0x0000000000001038       0x2c build/intech_grid/fat.o
                0x0000000000001038                padded_memcpy
 .text.read_block
                0x0000000000001064      0x1d4 build/intech_grid/fat.o
                0x0000000000001064                read_block
 .text.write_block
                0x0000000000001238       0xfc build/intech_grid/fat.o
                0x0000000000001238                write_block
 .text.startup.main
                0x0000000000001334      0x140 build/intech_grid/main.o
                0x0000000000001334                main
 .text.udi_msc_spc_testunitready
                0x0000000000001474       0x3c build/intech_grid/msc.o
 .text.handover_flash
                0x00000000000014b0       0x34 build/intech_grid/msc.o
 .text.udi_msc_sbc_trans
                0x00000000000014e4       0xf0 build/intech_grid/msc.o
 .text.udi_msc_sense_fail.constprop.2
                0x00000000000015d4       0x30 build/intech_grid/msc.o
 .text.udi_msc_data_send
                0x0000000000001604       0x6c build/intech_grid/msc.o
 .text.udi_msc_spc_mode_sense
                0x0000000000001670       0x74 build/intech_grid/msc.o
 .text.try_read_cbw
                0x00000000000016e4       0x28 build/intech_grid/msc.o
                0x00000000000016e4                try_read_cbw
 .text.handover
                0x000000000000170c      0x104 build/intech_grid/msc.o
 .text.process_msc
                0x0000000000001810      0x180 build/intech_grid/msc.o
                0x0000000000001810                process_msc
 .text.handoverPrep
                0x0000000000001990       0x20 build/intech_grid/msc.o
                0x0000000000001990                handoverPrep
 .text.put_uint32
                0x00000000000019b0       0x1c build/intech_grid/sam_ba_monitor.o
                0x00000000000019b0                put_uint32
 .text.sam_ba_monitor_run
                0x00000000000019cc      0x324 build/intech_grid/sam_ba_monitor.o
                0x00000000000019cc                sam_ba_monitor_run
 .text.recv_hf2
                0x0000000000001cf0       0x50 build/intech_grid/hid.o
                0x0000000000001cf0                recv_hf2
 .text.send_hf2
                0x0000000000001d40       0xa4 build/intech_grid/hid.o
                0x0000000000001d40                send_hf2
 .text.process_core
                0x0000000000001de4      0x148 build/intech_grid/hid.o
                0x0000000000001de4                process_core
 .text.process_hid
                0x0000000000001f2c       0x2c build/intech_grid/hid.o
                0x0000000000001f2c                process_hid
 .text.hidHandoverLoop
                0x0000000000001f58       0x24 build/intech_grid/hid.o
                0x0000000000001f58                hidHandoverLoop
 .text.memcpy   0x0000000000001f7c       0x16 /usr/bin/../lib/gcc/arm-none-eabi/7.3.1/../../../../arm-none-eabi/lib/thumb/v7e-m/libg_nano.a(lib_a-memcpy-stub.o)
                0x0000000000001f7c                memcpy
 .text.memset   0x0000000000001f92       0x10 /usr/bin/../lib/gcc/arm-none-eabi/7.3.1/../../../../arm-none-eabi/lib/thumb/v7e-m/libg_nano.a(lib_a-memset.o)
                0x0000000000001f92                memset
 .text          0x0000000000001fa2       0x10 /usr/bin/../lib/gcc/arm-none-eabi/7.3.1/../../../../arm-none-eabi/lib/thumb/v7e-m/libg_nano.a(lib_a-strlen.o)
                0x0000000000001fa2                strlen
 *(.glue_7t)
 .glue_7t       0x0000000000001fb2        0x0 linker stubs
 *(.glue_7)
 .glue_7        0x0000000000001fb2        0x0 linker stubs
 *(.rodata .rodata* .gnu.linkonce.r.*)
 *fill*         0x0000000000001fb2        0x2 
 .rodata        0x0000000000001fb4       0x10 build/intech_grid/cdc_enumerate.o
 .rodata.devDescriptor
                0x0000000000001fc4       0x12 build/intech_grid/cdc_enumerate.o
                0x0000000000001fc4                devDescriptor
 *fill*         0x0000000000001fd6        0x2 
 .rodata.hidDescriptor
                0x0000000000001fd8       0x21 build/intech_grid/cdc_enumerate.o
                0x0000000000001fd8                hidDescriptor
 *fill*         0x0000000000001ff9        0x3 
 .rodata.str1.4
                0x0000000000001ffc       0x24 build/intech_grid/cdc_enumerate.o
 .rodata.string_descriptors
                0x0000000000002020       0x10 build/intech_grid/cdc_enumerate.o
 .rodata.BootBlock
                0x0000000000002030       0x3e build/intech_grid/fat.o
 *fill*         0x000000000000206e        0x2 
 .rodata.indexFile
                0x0000000000002070       0x7c build/intech_grid/fat.o
                0x0000000000002070                indexFile
 .rodata.info   0x00000000000020ec       0x30 build/intech_grid/fat.o
 .rodata.infoUf2File
                0x000000000000211c       0x67 build/intech_grid/fat.o
                0x000000000000211c                infoUf2File
 *fill*         0x0000000000002183        0x1 
 .rodata        0x0000000000002184        0xc build/intech_grid/msc.o
 .rodata.process_msc.str1.4
                0x0000000000002190       0x14 build/intech_grid/msc.o
 .rodata.fullVersion
                0x0000000000002190       0x2a build/intech_grid/sam_ba_monitor.o
 *fill*         0x00000000000021ba        0x2 
 .rodata.sam_ba_monitor_run.str1.4
                0x00000000000021bc       0x14 build/intech_grid/sam_ba_monitor.o
 *(.ARM.extab* .gnu.linkonce.armextab.*)
                0x00000000000021d0                . = ALIGN (0x4)
 *(.init)
                0x00000000000021d0                . = ALIGN (0x4)
                0x00000000000021d0                __preinit_array_start = .
 *(.preinit_array)
                0x00000000000021d0                __preinit_array_end = .
                0x00000000000021d0                . = ALIGN (0x4)
                0x00000000000021d0                __init_array_start = .
 *(SORT_BY_NAME(.init_array.*))
 *(.init_array)
                0x00000000000021d0                __init_array_end = .
                0x00000000000021d0                . = ALIGN (0x4)
 *crtbegin.o(.ctors)
 *(EXCLUDE_FILE(*crtend.o) .ctors)
 *(SORT_BY_NAME(.ctors.*))
 *crtend.o(.ctors)
                0x00000000000021d0                . = ALIGN (0x4)
                0x00000000000021d0                _efixed = .
                [!provide]                        PROVIDE (__exidx_start = .)

.vfp11_veneer   0x00000000000021d0        0x0
 .vfp11_veneer  0x00000000000021d0        0x0 linker stubs

.v4_bx          0x00000000000021d0        0x0
 .v4_bx         0x00000000000021d0        0x0 linker stubs

.iplt           0x00000000000021d0        0x0
 .iplt          0x00000000000021d0        0x0 build/intech_grid/flash_samd51.o

.igot.plt       0x00000000000021d0        0x0
 .igot.plt      0x00000000000021d0        0x0 build/intech_grid/flash_samd51.o

.rel.dyn        0x00000000000021d0        0x0
 .rel.iplt      0x00000000000021d0        0x0 build/intech_grid/flash_samd51.o

.ARM.exidx
 *(.ARM.exidx* .gnu.linkonce.armexidx.*)
                [!provide]                        PROVIDE (__exidx_end = .)
                0x00000000000021d0                . = ALIGN (0x4)
                0x00000000000021d0                _etext = .

.relocate       0x0000000020000000      0x1d0 load address 0x00000000000021d0
                0x0000000020000000                . = ALIGN (0x4)
                0x0000000020000000                _srelocate = .
 *(.ramfunc .ramfunc.*)
 *(.data .data.*)
 .data.led_tick_step
                0x0000000020000000        0x1 build/intech_grid/utils.o
                0x0000000020000000                led_tick_step
 .data.limit    0x0000000020000001        0x1 build/intech_grid/utils.o
 *fill*         0x0000000020000002        0x2 
 .data.bosDescriptor
                0x0000000020000004       0x39 build/intech_grid/cdc_enumerate.o
 *fill*         0x000000002000003d        0x3 
 .data.cfgDescriptor
                0x0000000020000040       0x99 build/intech_grid/cdc_enumerate.o
                0x0000000020000040                cfgDescriptor
 *fill*         0x00000000200000d9        0x3 
 .data.hidCfgDescriptor
                0x00000000200000dc        0x9 build/intech_grid/cdc_enumerate.o
                0x00000000200000dc                hidCfgDescriptor
 *fill*         0x00000000200000e5        0x3 
 .data.line_coding
                0x00000000200000e8        0x8 build/intech_grid/cdc_enumerate.o
 .data.msOS20Descriptor
                0x00000000200000f0       0xaa build/intech_grid/cdc_enumerate.o
 *fill*         0x000000002000019a        0x2 
 .data.udi_msc_csw
                0x000000002000019c        0xd build/intech_grid/msc.o
 *fill*         0x00000000200001a9        0x3 
 .data.udi_msc_inquiry_data.17271
                0x00000000200001ac       0x24 build/intech_grid/msc.o
                0x00000000200001d0                . = ALIGN (0x4)
                0x00000000200001d0                _erelocate = .

.bss            0x00000000200001d0     0x1e0c load address 0x00000000000023a0
                0x00000000200001d0                . = ALIGN (0x4)
                0x00000000200001d0                _sbss = .
                0x00000000200001d0                _szero = .
 *(.bss .bss.*)
 .bss.crcCache  0x00000000200001d0      0x200 build/intech_grid/usart_sam_ba.o
 .bss.now       0x00000000200003d0        0x4 build/intech_grid/utils.o
 .bss.signal_end
                0x00000000200003d4        0x4 build/intech_grid/utils.o
 .bss.timerLow  0x00000000200003d8        0x4 build/intech_grid/utils.o
 .bss.currentConfiguration
                0x00000000200003dc        0x1 build/intech_grid/cdc_enumerate.o
 *fill*         0x00000000200003dd        0x3 
 .bss.serial_number
                0x00000000200003e0       0x21 build/intech_grid/cdc_enumerate.o
 *fill*         0x0000000020000401        0x1 
 .bss.wLength   0x0000000020000402        0x2 build/intech_grid/cdc_enumerate.o
 .bss.main_b_cdc_enable
                0x0000000020000404        0x1 build/intech_grid/main.o
 *fill*         0x0000000020000405        0x3 
 .bss.block_buffer
                0x0000000020000408      0x200 build/intech_grid/msc.o
 .bss.sense.17294
                0x0000000020000608       0x14 build/intech_grid/msc.o
 .bss.udi_msc_capacity.17304
                0x000000002000061c        0x8 build/intech_grid/msc.o
 .bss.udi_msc_cbw
                0x0000000020000624       0x1f build/intech_grid/msc.o
 *fill*         0x0000000020000643        0x1 
 .bss.udi_msc_sense
                0x0000000020000644       0x12 build/intech_grid/msc.o
 *fill*         0x0000000020000656        0x2 
 .bss.usbWriteState
                0x0000000020000658      0x218 build/intech_grid/msc.o
 .bss.b_sam_ba_interface_usart
                0x0000000020000870        0x1 build/intech_grid/sam_ba_monitor.o
                0x0000000020000870                b_sam_ba_interface_usart
 *fill*         0x0000000020000871        0x3 
 .bss.src_buff_addr.16716
                0x0000000020000874        0x4 build/intech_grid/sam_ba_monitor.o
 .bss.hidbufData
                0x0000000020000878      0x188 build/intech_grid/hid.o
 .bss.webbufData
                0x0000000020000a00      0x188 build/intech_grid/hid.o
 *(COMMON)
 COMMON         0x0000000020000b88     0x1080 build/intech_grid/flash_samd51.o
                0x0000000020000b88                block_erased
                0x0000000020000c08                row_same
 COMMON         0x0000000020001c08        0x8 build/intech_grid/utils.o
                0x0000000020001c08                timerHigh
                0x0000000020001c0c                resetHorizon
 COMMON         0x0000000020001c10      0x364 build/intech_grid/cdc_enumerate.o
                0x0000000020001c10                ctrlOutCache
                0x0000000020001c54                usb_endpoint_table
                0x0000000020001d54                endpointCache
 COMMON         0x0000000020001f74       0x68 build/intech_grid/sam_ba_monitor.o
                0x0000000020001f74                j
                0x0000000020001f78                length
                0x0000000020001f7c                ptr
                0x0000000020001f80                command
                0x0000000020001f84                i
                0x0000000020001f88                data
                0x0000000020001fcc                ptr_data
                0x0000000020001fd0                sp
                0x0000000020001fd4                current_number
                0x0000000020001fd8                u32tmp
                0x0000000020001fdc                . = ALIGN (0x4)
                0x0000000020001fdc                _ebss = .
                0x0000000020001fdc                _ezero = .

.stack          0x0000000020001fdc     0xc004 load address 0x00000000000041ac
                0x0000000020001fe0                . = ALIGN (0x8)
 *fill*         0x0000000020001fdc        0x4 
                0x0000000020001fe0                _sstack = .
                0x000000002000dfe0                . = (. + STACK_SIZE)
 *fill*         0x0000000020001fe0     0xc000 
                0x000000002000dfe0                . = ALIGN (0x8)
                0x000000002000dfe0                _estack = .
                0x000000002000dfe0                . = ALIGN (0x4)
                0x000000002000dfe0                _end = .
                0x0000000000003ff0                _binfo_start = 0x3ff0

.binfo          0x0000000000003ff0       0x10
 *(.binfo)
 .binfo         0x0000000000003ff0       0x10 build/intech_grid/msc.o
                0x0000000000003ff0                binfo
OUTPUT(build/intech_grid/bootloader-intech_grid-v3.3.0-7-g9eb6d75-dirty.elf elf32-littlearm)

.debug_info     0x0000000000000000    0x181d2
 .debug_info    0x0000000000000000     0x15c5 build/intech_grid/flash_samd51.o
 .debug_info    0x00000000000015c5     0x3984 build/intech_grid/init_samd51.o
 .debug_info    0x0000000000004f49      0xb84 build/intech_grid/startup_samd51.o
 .debug_info    0x0000000000005acd     0x469a build/intech_grid/usart_sam_ba.o
 .debug_info    0x000000000000a167      0xd50 build/intech_grid/utils.o
 .debug_info    0x000000000000aeb7     0x4e26 build/intech_grid/cdc_enumerate.o
 .debug_info    0x000000000000fcdd     0x108b build/intech_grid/fat.o
 .debug_info    0x0000000000010d68     0x151b build/intech_grid/main.o
 .debug_info    0x0000000000012283     0x3bec build/intech_grid/msc.o
 .debug_info    0x0000000000015e6f      0xf75 build/intech_grid/sam_ba_monitor.o
 .debug_info    0x0000000000016de4     0x13ee build/intech_grid/hid.o

.debug_abbrev   0x0000000000000000     0x283b
 .debug_abbrev  0x0000000000000000      0x350 build/intech_grid/flash_samd51.o
 .debug_abbrev  0x0000000000000350      0x2f3 build/intech_grid/init_samd51.o
 .debug_abbrev  0x0000000000000643      0x15c build/intech_grid/startup_samd51.o
 .debug_abbrev  0x000000000000079f      0x540 build/intech_grid/usart_sam_ba.o
 .debug_abbrev  0x0000000000000cdf      0x309 build/intech_grid/utils.o
 .debug_abbrev  0x0000000000000fe8      0x4da build/intech_grid/cdc_enumerate.o
 .debug_abbrev  0x00000000000014c2      0x35b build/intech_grid/fat.o
 .debug_abbrev  0x000000000000181d      0x342 build/intech_grid/main.o
 .debug_abbrev  0x0000000000001b5f      0x575 build/intech_grid/msc.o
 .debug_abbrev  0x00000000000020d4      0x385 build/intech_grid/sam_ba_monitor.o
 .debug_abbrev  0x0000000000002459      0x3e2 build/intech_grid/hid.o

.debug_loc      0x0000000000000000     0x41c4
 .debug_loc     0x0000000000000000      0x55b build/intech_grid/flash_samd51.o
 .debug_loc     0x000000000000055b       0x3f build/intech_grid/init_samd51.o
 .debug_loc     0x000000000000059a       0x4b build/intech_grid/startup_samd51.o
 .debug_loc     0x00000000000005e5      0x870 build/intech_grid/usart_sam_ba.o
 .debug_loc     0x0000000000000e55      0x166 build/intech_grid/utils.o
 .debug_loc     0x0000000000000fbb     0x1a68 build/intech_grid/cdc_enumerate.o
 .debug_loc     0x0000000000002a23      0x6be build/intech_grid/fat.o
 .debug_loc     0x00000000000030e1       0x9f build/intech_grid/main.o
 .debug_loc     0x0000000000003180      0x580 build/intech_grid/msc.o
 .debug_loc     0x0000000000003700      0x24a build/intech_grid/sam_ba_monitor.o
 .debug_loc     0x000000000000394a      0x87a build/intech_grid/hid.o

.debug_aranges  0x0000000000000000      0x370
 .debug_aranges
                0x0000000000000000       0x40 build/intech_grid/flash_samd51.o
 .debug_aranges
                0x0000000000000040       0x28 build/intech_grid/init_samd51.o
 .debug_aranges
                0x0000000000000068       0x28 build/intech_grid/startup_samd51.o
 .debug_aranges
                0x0000000000000090       0x88 build/intech_grid/usart_sam_ba.o
 .debug_aranges
                0x0000000000000118       0x70 build/intech_grid/utils.o
 .debug_aranges
                0x0000000000000188       0x90 build/intech_grid/cdc_enumerate.o
 .debug_aranges
                0x0000000000000218       0x30 build/intech_grid/fat.o
 .debug_aranges
                0x0000000000000248       0x20 build/intech_grid/main.o
 .debug_aranges
                0x0000000000000268       0x80 build/intech_grid/msc.o
 .debug_aranges
                0x00000000000002e8       0x40 build/intech_grid/sam_ba_monitor.o
 .debug_aranges
                0x0000000000000328       0x48 build/intech_grid/hid.o

.debug_ranges   0x0000000000000000      0xc50
 .debug_ranges  0x0000000000000000       0xf8 build/intech_grid/flash_samd51.o
 .debug_ranges  0x00000000000000f8       0x50 build/intech_grid/init_samd51.o
 .debug_ranges  0x0000000000000148       0x18 build/intech_grid/startup_samd51.o
 .debug_ranges  0x0000000000000160      0x218 build/intech_grid/usart_sam_ba.o
 .debug_ranges  0x0000000000000378       0x98 build/intech_grid/utils.o
 .debug_ranges  0x0000000000000410      0x230 build/intech_grid/cdc_enumerate.o
 .debug_ranges  0x0000000000000640       0xf8 build/intech_grid/fat.o
 .debug_ranges  0x0000000000000738       0x30 build/intech_grid/main.o
 .debug_ranges  0x0000000000000768      0x350 build/intech_grid/msc.o
 .debug_ranges  0x0000000000000ab8       0x78 build/intech_grid/sam_ba_monitor.o
 .debug_ranges  0x0000000000000b30      0x120 build/intech_grid/hid.o

.debug_line     0x0000000000000000     0x22a9
 .debug_line    0x0000000000000000      0x290 build/intech_grid/flash_samd51.o
 .debug_line    0x0000000000000290      0x242 build/intech_grid/init_samd51.o
 .debug_line    0x00000000000004d2      0x123 build/intech_grid/startup_samd51.o
 .debug_line    0x00000000000005f5      0x4b2 build/intech_grid/usart_sam_ba.o
 .debug_line    0x0000000000000aa7      0x295 build/intech_grid/utils.o
 .debug_line    0x0000000000000d3c      0x54c build/intech_grid/cdc_enumerate.o
 .debug_line    0x0000000000001288      0x2d7 build/intech_grid/fat.o
 .debug_line    0x000000000000155f      0x25a build/intech_grid/main.o
 .debug_line    0x00000000000017b9      0x532 build/intech_grid/msc.o
 .debug_line    0x0000000000001ceb      0x2ff build/intech_grid/sam_ba_monitor.o
 .debug_line    0x0000000000001fea      0x2bf build/intech_grid/hid.o

.debug_str      0x0000000000000000     0x4a56
 .debug_str     0x0000000000000000      0x8a9 build/intech_grid/flash_samd51.o
                                        0x997 (size before relaxing)
 .debug_str     0x00000000000008a9     0x113a build/intech_grid/init_samd51.o
                                       0x1a2b (size before relaxing)
 .debug_str     0x00000000000019e3      0xb5a build/intech_grid/startup_samd51.o
                                        0xd98 (size before relaxing)
 .debug_str     0x000000000000253d      0x9d8 build/intech_grid/usart_sam_ba.o
                                       0x1615 (size before relaxing)
 .debug_str     0x0000000000002f15       0xc3 build/intech_grid/utils.o
                                        0x723 (size before relaxing)
 .debug_str     0x0000000000002fd8      0xa75 build/intech_grid/cdc_enumerate.o
                                       0x1786 (size before relaxing)
 .debug_str     0x0000000000003a4d      0x29f build/intech_grid/fat.o
                                        0x916 (size before relaxing)
 .debug_str     0x0000000000003cec       0xe6 build/intech_grid/main.o
                                        0x986 (size before relaxing)
 .debug_str     0x0000000000003dd2      0x9dc build/intech_grid/msc.o
                                       0x18fc (size before relaxing)
 .debug_str     0x00000000000047ae       0xa9 build/intech_grid/sam_ba_monitor.o
                                        0x7bf (size before relaxing)
 .debug_str     0x0000000000004857      0x1ff build/intech_grid/hid.o
                                        0x901 (size before relaxing)

.comment        0x0000000000000000       0x7f
 .comment       0x0000000000000000       0x7f build/intech_grid/flash_samd51.o
                                         0x80 (size before relaxing)
 .comment       0x000000000000007f       0x80 build/intech_grid/init_samd51.o
 .comment       0x000000000000007f       0x80 build/intech_grid/startup_samd51.o
 .comment       0x000000000000007f       0x80 build/intech_grid/usart_sam_ba.o
 .comment       0x000000000000007f       0x80 build/intech_grid/utils.o
 .comment       0x000000000000007f       0x80 build/intech_grid/cdc_enumerate.o
 .comment       0x000000000000007f       0x80 build/intech_grid/fat.o
 .comment       0x000000000000007f       0x80 build/intech_grid/main.o
 .comment       0x000000000000007f       0x80 build/intech_grid/msc.o
 .comment       0x000000000000007f       0x80 build/intech_grid/sam_ba_monitor.o
 .comment       0x000000000000007f       0x80 build/intech_grid/hid.o

.ARM.attributes
                0x0000000000000000       0x31
 .ARM.attributes
                0x0000000000000000       0x33 build/intech_grid/flash_samd51.o
 .ARM.attributes
                0x0000000000000033       0x33 build/intech_grid/init_samd51.o
 .ARM.attributes
                0x0000000000000066       0x33 build/intech_grid/startup_samd51.o
 .ARM.attributes
                0x0000000000000099       0x33 build/intech_grid/usart_sam_ba.o
 .ARM.attributes
                0x00000000000000cc       0x33 build/intech_grid/utils.o
 .ARM.attributes
                0x00000000000000ff       0x33 build/intech_grid/cdc_enumerate.o
 .ARM.attributes
                0x0000000000000132       0x33 build/intech_grid/fat.o
 .ARM.attributes
                0x0000000000000165       0x33 build/intech_grid/main.o
 .ARM.attributes
                0x0000000000000198       0x33 build/intech_grid/msc.o
 .ARM.attributes
                0x00000000000001cb       0x33 build/intech_grid/sam_ba_monitor.o
 .ARM.attributes
                0x00000000000001fe       0x33 build/intech_grid/hid.o
 .ARM.attributes
                0x0000000000000231       0x2e /usr/bin/../lib/gcc/arm-none-eabi/7.3.1/../../../../arm-none-eabi/lib/thumb/v7e-m/libg_nano.a(lib_a-memcpy-stub.o)
 .ARM.attributes
                0x000000000000025f       0x2e /usr/bin/../lib/gcc/arm-none-eabi/7.3.1/../../../../arm-none-eabi/lib/thumb/v7e-m/libg_nano.a(lib_a-memset.o)
 .ARM.attributes
                0x000000000000028d       0x17 /usr/bin/../lib/gcc/arm-none-eabi/7.3.1/../../../../arm-none-eabi/lib/thumb/v7e-m/libg_nano.a(lib_a-strlen.o)

.debug_frame    0x0000000000000000      0xa20
 .debug_frame   0x0000000000000000       0xac build/intech_grid/flash_samd51.o
 .debug_frame   0x00000000000000ac       0x40 build/intech_grid/init_samd51.o
 .debug_frame   0x00000000000000ec       0x38 build/intech_grid/startup_samd51.o
 .debug_frame   0x0000000000000124      0x1b4 build/intech_grid/usart_sam_ba.o
 .debug_frame   0x00000000000002d8      0x110 build/intech_grid/utils.o
 .debug_frame   0x00000000000003e8      0x1d0 build/intech_grid/cdc_enumerate.o
 .debug_frame   0x00000000000005b8       0x98 build/intech_grid/fat.o
 .debug_frame   0x0000000000000650       0x34 build/intech_grid/main.o
 .debug_frame   0x0000000000000684      0x1b4 build/intech_grid/msc.o
 .debug_frame   0x0000000000000838       0x98 build/intech_grid/sam_ba_monitor.o
 .debug_frame   0x00000000000008d0      0x108 build/intech_grid/hid.o
 .debug_frame   0x00000000000009d8       0x28 /usr/bin/../lib/gcc/arm-none-eabi/7.3.1/../../../../arm-none-eabi/lib/thumb/v7e-m/libg_nano.a(lib_a-memcpy-stub.o)
 .debug_frame   0x0000000000000a00       0x20 /usr/bin/../lib/gcc/arm-none-eabi/7.3.1/../../../../arm-none-eabi/lib/thumb/v7e-m/libg_nano.a(lib_a-memset.o)

Cross Reference Table

Symbol                                            File
AC_Handler                                        build/intech_grid/startup_samd51.o
ADC0_0_Handler                                    build/intech_grid/startup_samd51.o
ADC0_1_Handler                                    build/intech_grid/startup_samd51.o
ADC1_0_Handler                                    build/intech_grid/startup_samd51.o
ADC1_1_Handler                                    build/intech_grid/startup_samd51.o
AES_Handler                                       build/intech_grid/startup_samd51.o
AT91F_InitUSB                                     build/intech_grid/cdc_enumerate.o
AT91F_USB_SendZlp                                 build/intech_grid/cdc_enumerate.o
BusFault_Handler                                  build/intech_grid/startup_samd51.o
DAC_0_Handler                                     build/intech_grid/startup_samd51.o
DAC_1_Handler                                     build/intech_grid/startup_samd51.o
DAC_2_Handler                                     build/intech_grid/startup_samd51.o
DAC_3_Handler                                     build/intech_grid/startup_samd51.o
DAC_4_Handler                                     build/intech_grid/startup_samd51.o
DMAC_0_Handler                                    build/intech_grid/startup_samd51.o
DMAC_1_Handler                                    build/intech_grid/startup_samd51.o
DMAC_2_Handler                                    build/intech_grid/startup_samd51.o
DMAC_3_Handler                                    build/intech_grid/startup_samd51.o
DMAC_4_Handler                                    build/intech_grid/startup_samd51.o
DebugMon_Handler                                  build/intech_grid/startup_samd51.o
Dummy_Handler                                     build/intech_grid/startup_samd51.o
EIC_0_Handler                                     build/intech_grid/startup_samd51.o
EIC_10_Handler                                    build/intech_grid/startup_samd51.o
EIC_11_Handler                                    build/intech_grid/startup_samd51.o
EIC_12_Handler                                    build/intech_grid/startup_samd51.o
EIC_13_Handler                                    build/intech_grid/startup_samd51.o
EIC_14_Handler                                    build/intech_grid/startup_samd51.o
EIC_15_Handler                                    build/intech_grid/startup_samd51.o
EIC_1_Handler                                     build/intech_grid/startup_samd51.o
EIC_2_Handler                                     build/intech_grid/startup_samd51.o
EIC_3_Handler                                     build/intech_grid/startup_samd51.o
EIC_4_Handler                                     build/intech_grid/startup_samd51.o
EIC_5_Handler                                     build/intech_grid/startup_samd51.o
EIC_6_Handler                                     build/intech_grid/startup_samd51.o
EIC_7_Handler                                     build/intech_grid/startup_samd51.o
EIC_8_Handler                                     build/intech_grid/startup_samd51.o
EIC_9_Handler                                     build/intech_grid/startup_samd51.o
EVSYS_0_Handler                                   build/intech_grid/startup_samd51.o
EVSYS_1_Handler                                   build/intech_grid/startup_samd51.o
EVSYS_2_Handler                                   build/intech_grid/startup_samd51.o
EVSYS_3_Handler                                   build/intech_grid/startup_samd51.o
EVSYS_4_Handler                                   build/intech_grid/startup_samd51.o
FREQM_Handler                                     build/intech_grid/startup_samd51.o
HardFault_Handler                                 build/intech_grid/startup_samd51.o
I2S_Handler                                       build/intech_grid/startup_samd51.o
ICM_Handler                                       build/intech_grid/startup_samd51.o
MCLK_Handler                                      build/intech_grid/startup_samd51.o
MemManage_Handler                                 build/intech_grid/startup_samd51.o
NMI_Handler                                       build/intech_grid/startup_samd51.o
NVMCTRL_0_Handler                                 build/intech_grid/startup_samd51.o
NVMCTRL_1_Handler                                 build/intech_grid/startup_samd51.o
OSC32KCTRL_Handler                                build/intech_grid/startup_samd51.o
OSCCTRL_0_Handler                                 build/intech_grid/startup_samd51.o
OSCCTRL_1_Handler                                 build/intech_grid/startup_samd51.o
OSCCTRL_2_Handler                                 build/intech_grid/startup_samd51.o
OSCCTRL_3_Handler                                 build/intech_grid/startup_samd51.o
OSCCTRL_4_Handler                                 build/intech_grid/startup_samd51.o
PAC_Handler                                       build/intech_grid/startup_samd51.o
PCC_Handler                                       build/intech_grid/startup_samd51.o
PDEC_0_Handler                                    build/intech_grid/startup_samd51.o
PDEC_1_Handler                                    build/intech_grid/startup_samd51.o
PDEC_2_Handler                                    build/intech_grid/startup_samd51.o
PM_Handler                                        build/intech_grid/startup_samd51.o
PUKCC_Handler                                     build/intech_grid/startup_samd51.o
PendSV_Handler                                    build/intech_grid/startup_samd51.o
QSPI_Handler                                      build/intech_grid/startup_samd51.o
RAMECC_Handler                                    build/intech_grid/startup_samd51.o
RGBLED_set_color                                  build/intech_grid/utils.o
                                                  build/intech_grid/sam_ba_monitor.o
                                                  build/intech_grid/main.o
RTC_Handler                                       build/intech_grid/startup_samd51.o
Reset_Handler                                     build/intech_grid/startup_samd51.o
SDHC0_Handler                                     build/intech_grid/startup_samd51.o
SDHC1_Handler                                     build/intech_grid/startup_samd51.o
SERCOM0_0_Handler                                 build/intech_grid/startup_samd51.o
SERCOM0_1_Handler                                 build/intech_grid/startup_samd51.o
SERCOM0_2_Handler                                 build/intech_grid/startup_samd51.o
SERCOM0_3_Handler                                 build/intech_grid/startup_samd51.o
SERCOM1_0_Handler                                 build/intech_grid/startup_samd51.o
SERCOM1_1_Handler                                 build/intech_grid/startup_samd51.o
SERCOM1_2_Handler                                 build/intech_grid/startup_samd51.o
SERCOM1_3_Handler                                 build/intech_grid/startup_samd51.o
SERCOM2_0_Handler                                 build/intech_grid/startup_samd51.o
SERCOM2_1_Handler                                 build/intech_grid/startup_samd51.o
SERCOM2_2_Handler                                 build/intech_grid/startup_samd51.o
SERCOM2_3_Handler                                 build/intech_grid/startup_samd51.o
SERCOM3_0_Handler                                 build/intech_grid/startup_samd51.o
SERCOM3_1_Handler                                 build/intech_grid/startup_samd51.o
SERCOM3_2_Handler                                 build/intech_grid/startup_samd51.o
SERCOM3_3_Handler                                 build/intech_grid/startup_samd51.o
SERCOM4_0_Handler                                 build/intech_grid/startup_samd51.o
SERCOM4_1_Handler                                 build/intech_grid/startup_samd51.o
SERCOM4_2_Handler                                 build/intech_grid/startup_samd51.o
SERCOM4_3_Handler                                 build/intech_grid/startup_samd51.o
SERCOM5_0_Handler                                 build/intech_grid/startup_samd51.o
SERCOM5_1_Handler                                 build/intech_grid/startup_samd51.o
SERCOM5_2_Handler                                 build/intech_grid/startup_samd51.o
SERCOM5_3_Handler                                 build/intech_grid/startup_samd51.o
SERCOM6_0_Handler                                 build/intech_grid/startup_samd51.o
SERCOM6_1_Handler                                 build/intech_grid/startup_samd51.o
SERCOM6_2_Handler                                 build/intech_grid/startup_samd51.o
SERCOM6_3_Handler                                 build/intech_grid/startup_samd51.o
SERCOM7_0_Handler                                 build/intech_grid/startup_samd51.o
SERCOM7_1_Handler                                 build/intech_grid/startup_samd51.o
SERCOM7_2_Handler                                 build/intech_grid/startup_samd51.o
SERCOM7_3_Handler                                 build/intech_grid/startup_samd51.o
SUPC_0_Handler                                    build/intech_grid/startup_samd51.o
SUPC_1_Handler                                    build/intech_grid/startup_samd51.o
SVC_Handler                                       build/intech_grid/startup_samd51.o
SysTick_Handler                                   build/intech_grid/init_samd51.o
TAL_0_Handler                                     build/intech_grid/startup_samd51.o
TAL_1_Handler                                     build/intech_grid/startup_samd51.o
TC0_Handler                                       build/intech_grid/startup_samd51.o
TC1_Handler                                       build/intech_grid/startup_samd51.o
TC2_Handler                                       build/intech_grid/startup_samd51.o
TC3_Handler                                       build/intech_grid/startup_samd51.o
TC4_Handler                                       build/intech_grid/startup_samd51.o
TC5_Handler                                       build/intech_grid/startup_samd51.o
TC6_Handler                                       build/intech_grid/startup_samd51.o
TC7_Handler                                       build/intech_grid/startup_samd51.o
TCC0_0_Handler                                    build/intech_grid/startup_samd51.o
TCC0_1_Handler                                    build/intech_grid/startup_samd51.o
TCC0_2_Handler                                    build/intech_grid/startup_samd51.o
TCC0_3_Handler                                    build/intech_grid/startup_samd51.o
TCC0_4_Handler                                    build/intech_grid/startup_samd51.o
TCC0_5_Handler                                    build/intech_grid/startup_samd51.o
TCC0_6_Handler                                    build/intech_grid/startup_samd51.o
TCC1_0_Handler                                    build/intech_grid/startup_samd51.o
TCC1_1_Handler                                    build/intech_grid/startup_samd51.o
TCC1_2_Handler                                    build/intech_grid/startup_samd51.o
TCC1_3_Handler                                    build/intech_grid/startup_samd51.o
TCC1_4_Handler                                    build/intech_grid/startup_samd51.o
TCC2_0_Handler                                    build/intech_grid/startup_samd51.o
TCC2_1_Handler                                    build/intech_grid/startup_samd51.o
TCC2_2_Handler                                    build/intech_grid/startup_samd51.o
TCC2_3_Handler                                    build/intech_grid/startup_samd51.o
TCC3_0_Handler                                    build/intech_grid/startup_samd51.o
TCC3_1_Handler                                    build/intech_grid/startup_samd51.o
TCC3_2_Handler                                    build/intech_grid/startup_samd51.o
TCC4_0_Handler                                    build/intech_grid/startup_samd51.o
TCC4_1_Handler                                    build/intech_grid/startup_samd51.o
TCC4_2_Handler                                    build/intech_grid/startup_samd51.o
TRNG_Handler                                      build/intech_grid/startup_samd51.o
USB_0_Handler                                     build/intech_grid/startup_samd51.o
USB_1_Handler                                     build/intech_grid/startup_samd51.o
USB_2_Handler                                     build/intech_grid/startup_samd51.o
USB_3_Handler                                     build/intech_grid/startup_samd51.o
USB_Ok                                            build/intech_grid/cdc_enumerate.o
                                                  build/intech_grid/msc.o
                                                  build/intech_grid/main.o
USB_Read                                          build/intech_grid/cdc_enumerate.o
USB_ReadBlocking                                  build/intech_grid/cdc_enumerate.o
                                                  build/intech_grid/msc.o
USB_ReadCore                                      build/intech_grid/cdc_enumerate.o
                                                  build/intech_grid/hid.o
                                                  build/intech_grid/msc.o
USB_Write                                         build/intech_grid/cdc_enumerate.o
                                                  build/intech_grid/msc.o
USB_WriteCore                                     build/intech_grid/cdc_enumerate.o
                                                  build/intech_grid/hid.o
                                                  build/intech_grid/msc.o
UsageFault_Handler                                build/intech_grid/startup_samd51.o
WDT_Handler                                       build/intech_grid/startup_samd51.o
_erelocate                                        build/intech_grid/startup_samd51.o
_estack                                           build/intech_grid/startup_samd51.o
_etext                                            build/intech_grid/startup_samd51.o
_ezero                                            build/intech_grid/startup_samd51.o
_sfixed                                           build/intech_grid/startup_samd51.o
_srelocate                                        build/intech_grid/startup_samd51.o
_szero                                            build/intech_grid/startup_samd51.o
add_crc                                           build/intech_grid/usart_sam_ba.o
                                                  build/intech_grid/hid.o
                                                  build/intech_grid/sam_ba_monitor.o
arrowLogo                                         build/intech_grid/images.o
b_sam_ba_interface_usart                          build/intech_grid/sam_ba_monitor.o
b_sharp_received                                  build/intech_grid/usart_sam_ba.o
binfo                                             build/intech_grid/msc.o
block_erased                                      build/intech_grid/flash_samd51.o
buffer_rx_usart                                   build/intech_grid/usart_sam_ba.o
buffer_tx_usart                                   build/intech_grid/usart_sam_ba.o
call_applet                                       build/intech_grid/sam_ba_monitor.o
cdc_is_rx_ready                                   build/intech_grid/cdc_enumerate.o
cdc_read_buf                                      build/intech_grid/cdc_enumerate.o
                                                  build/intech_grid/sam_ba_monitor.o
cdc_read_buf_xmd                                  build/intech_grid/cdc_enumerate.o
                                                  build/intech_grid/sam_ba_monitor.o
cdc_write_buf                                     build/intech_grid/cdc_enumerate.o
                                                  build/intech_grid/sam_ba_monitor.o
cdc_write_buf_xmd                                 build/intech_grid/cdc_enumerate.o
                                                  build/intech_grid/sam_ba_monitor.o
cfgDescriptor                                     build/intech_grid/cdc_enumerate.o
command                                           build/intech_grid/sam_ba_monitor.o
copy_words                                        build/intech_grid/flash_samd51.o
                                                  build/intech_grid/hid.o
ctrlOutCache                                      build/intech_grid/cdc_enumerate.o
current_number                                    build/intech_grid/sam_ba_monitor.o
data                                              build/intech_grid/sam_ba_monitor.o
delay                                             build/intech_grid/utils.o
                                                  build/intech_grid/main.o
devDescriptor                                     build/intech_grid/cdc_enumerate.o
endpointCache                                     build/intech_grid/cdc_enumerate.o
error_timeout                                     build/intech_grid/usart_sam_ba.o
exception_table                                   build/intech_grid/startup_samd51.o
fileLogo                                          build/intech_grid/images.o
flash_erase_block                                 build/intech_grid/flash_samd51.o
flash_erase_to_end                                build/intech_grid/flash_samd51.o
                                                  build/intech_grid/sam_ba_monitor.o
flash_write_row                                   build/intech_grid/flash_samd51.o
                                                  build/intech_grid/hid.o
                                                  build/intech_grid/fat.o
flash_write_words                                 build/intech_grid/flash_samd51.o
                                                  build/intech_grid/sam_ba_monitor.o
font8                                             build/intech_grid/images.o
getPacket                                         build/intech_grid/usart_sam_ba.o
handoverPrep                                      build/intech_grid/msc.o
                                                  build/intech_grid/hid.o
hidCfgDescriptor                                  build/intech_grid/cdc_enumerate.o
hidDescriptor                                     build/intech_grid/cdc_enumerate.o
hidHandoverLoop                                   build/intech_grid/hid.o
                                                  build/intech_grid/msc.o
i                                                 build/intech_grid/sam_ba_monitor.o
idx_rx_read                                       build/intech_grid/usart_sam_ba.o
idx_rx_write                                      build/intech_grid/usart_sam_ba.o
idx_tx_read                                       build/intech_grid/usart_sam_ba.o
idx_tx_write                                      build/intech_grid/usart_sam_ba.o
indexFile                                         build/intech_grid/fat.o
infoUf2File                                       build/intech_grid/fat.o
                                                  build/intech_grid/hid.o
                                                  build/intech_grid/msc.o
j                                                 build/intech_grid/sam_ba_monitor.o
led_init                                          build/intech_grid/utils.o
                                                  build/intech_grid/main.o
led_signal                                        build/intech_grid/utils.o
                                                  build/intech_grid/sam_ba_monitor.o
                                                  build/intech_grid/msc.o
led_tick                                          build/intech_grid/utils.o
                                                  build/intech_grid/init_samd51.o
led_tick_step                                     build/intech_grid/utils.o
                                                  build/intech_grid/main.o
length                                            build/intech_grid/sam_ba_monitor.o
main                                              build/intech_grid/main.o
                                                  build/intech_grid/startup_samd51.o
memcpy                                            /usr/bin/../lib/gcc/arm-none-eabi/7.3.1/../../../../arm-none-eabi/lib/thumb/v7e-m/libg_nano.a(lib_a-memcpy-stub.o)
                                                  build/intech_grid/hid.o
                                                  build/intech_grid/sam_ba_monitor.o
                                                  build/intech_grid/fat.o
                                                  build/intech_grid/cdc_enumerate.o
                                                  build/intech_grid/flash_samd51.o
memset                                            /usr/bin/../lib/gcc/arm-none-eabi/7.3.1/../../../../arm-none-eabi/lib/thumb/v7e-m/libg_nano.a(lib_a-memset.o)
                                                  build/intech_grid/hid.o
                                                  build/intech_grid/msc.o
                                                  build/intech_grid/fat.o
                                                  build/intech_grid/cdc_enumerate.o
mode_of_transfer                                  build/intech_grid/usart_sam_ba.o
mscReset                                          build/intech_grid/msc.o
msc_reset                                         build/intech_grid/msc.o
padded_memcpy                                     build/intech_grid/fat.o
                                                  build/intech_grid/msc.o
panic                                             build/intech_grid/utils.o
pendriveLogo                                      build/intech_grid/images.o
process_core                                      build/intech_grid/hid.o
process_hid                                       build/intech_grid/hid.o
                                                  build/intech_grid/msc.o
process_msc                                       build/intech_grid/msc.o
                                                  build/intech_grid/sam_ba_monitor.o
ptr                                               build/intech_grid/sam_ba_monitor.o
ptr_data                                          build/intech_grid/sam_ba_monitor.o
put_uint32                                        build/intech_grid/sam_ba_monitor.o
read_block                                        build/intech_grid/fat.o
                                                  build/intech_grid/msc.o
recv_hf2                                          build/intech_grid/hid.o
resetHorizon                                      build/intech_grid/utils.o
                                                  build/intech_grid/main.o
                                                  build/intech_grid/fat.o
resetIntoApp                                      build/intech_grid/utils.o
                                                  build/intech_grid/hid.o
                                                  build/intech_grid/msc.o
resetIntoBootloader                               build/intech_grid/utils.o
                                                  build/intech_grid/hid.o
                                                  build/intech_grid/msc.o
reset_ep                                          build/intech_grid/cdc_enumerate.o
                                                  build/intech_grid/msc.o
row_same                                          build/intech_grid/flash_samd51.o
sam_ba_monitor_init                               build/intech_grid/sam_ba_monitor.o
sam_ba_monitor_run                                build/intech_grid/sam_ba_monitor.o
                                                  build/intech_grid/main.o
sam_ba_putdata_term                               build/intech_grid/sam_ba_monitor.o
send_hf2                                          build/intech_grid/hid.o
send_hf2_response                                 build/intech_grid/hid.o
size_of_data                                      build/intech_grid/usart_sam_ba.o
sp                                                build/intech_grid/sam_ba_monitor.o
stall_ep                                          build/intech_grid/cdc_enumerate.o
                                                  build/intech_grid/msc.o
strlen                                            /usr/bin/../lib/gcc/arm-none-eabi/7.3.1/../../../../arm-none-eabi/lib/thumb/v7e-m/libg_nano.a(lib_a-strlen.o)
                                                  build/intech_grid/hid.o
                                                  build/intech_grid/fat.o
                                                  build/intech_grid/cdc_enumerate.o
system_init                                       build/intech_grid/init_samd51.o
                                                  build/intech_grid/main.o
timerHigh                                         build/intech_grid/utils.o
                                                  build/intech_grid/main.o
                                                  build/intech_grid/fat.o
timerTick                                         build/intech_grid/utils.o
                                                  build/intech_grid/cdc_enumerate.o
try_read_cbw                                      build/intech_grid/msc.o
u32tmp                                            build/intech_grid/sam_ba_monitor.o
uart_basic_init                                   build/intech_grid/uart_driver.o
                                                  build/intech_grid/usart_sam_ba.o
uart_disable                                      build/intech_grid/uart_driver.o
                                                  build/intech_grid/usart_sam_ba.o
uart_drv_error_flag                               build/intech_grid/uart_driver.o
uart_get_sercom_index                             build/intech_grid/uart_driver.o
uart_read_buffer_polled                           build/intech_grid/uart_driver.o
uart_read_byte                                    build/intech_grid/uart_driver.o
                                                  build/intech_grid/usart_sam_ba.o
uart_write_buffer_polled                          build/intech_grid/uart_driver.o
uart_write_byte                                   build/intech_grid/uart_driver.o
                                                  build/intech_grid/usart_sam_ba.o
udd_ep_set_halt                                   build/intech_grid/msc.o
udi_msc_csw_send                                  build/intech_grid/msc.o
usart_close                                       build/intech_grid/usart_sam_ba.o
usart_getc                                        build/intech_grid/usart_sam_ba.o
usart_getdata                                     build/intech_grid/usart_sam_ba.o
usart_getdata_xmd                                 build/intech_grid/usart_sam_ba.o
usart_is_rx_ready                                 build/intech_grid/usart_sam_ba.o
usart_open                                        build/intech_grid/usart_sam_ba.o
usart_putc                                        build/intech_grid/usart_sam_ba.o
usart_putdata                                     build/intech_grid/usart_sam_ba.o
usart_putdata_xmd                                 build/intech_grid/usart_sam_ba.o
usart_readc                                       build/intech_grid/usart_sam_ba.o
usart_sharp_received                              build/intech_grid/usart_sam_ba.o
usb_endpoint_table                                build/intech_grid/cdc_enumerate.o
usb_init                                          build/intech_grid/cdc_enumerate.o
                                                  build/intech_grid/main.o
writeNum                                          build/intech_grid/utils.o
                                                  build/intech_grid/sam_ba_monitor.o
                                                  build/intech_grid/cdc_enumerate.o
write_block                                       build/intech_grid/fat.o
                                                  build/intech_grid/msc.o
