Archive member included to satisfy reference by file (symbol)

/usr/bin/../lib/gcc/arm-none-eabi/7.3.1/../../../../arm-none-eabi/lib/thumb/v7e-m/libg_nano.a(lib_a-memcpy-stub.o)
                              build/intech_grid/flash_samd51.o (memcpy)

Allocating common symbols
Common symbol       size              file

b_sharp_received    0x1               build/intech_grid/usart_sam_ba.o
block_erased        0x80              build/intech_grid/flash_samd51.o
timerHigh           0x4               build/intech_grid/utils.o
idx_rx_write        0x1               build/intech_grid/usart_sam_ba.o
size_of_data        0x2               build/intech_grid/usart_sam_ba.o
resetHorizon        0x4               build/intech_grid/utils.o
idx_tx_read         0x1               build/intech_grid/usart_sam_ba.o
buffer_tx_usart     0x80              build/intech_grid/usart_sam_ba.o
error_timeout       0x1               build/intech_grid/usart_sam_ba.o
mode_of_transfer    0x1               build/intech_grid/usart_sam_ba.o
idx_rx_read         0x1               build/intech_grid/usart_sam_ba.o
pageBuf             0x100             build/intech_grid/selfmain.o
idx_tx_write        0x1               build/intech_grid/usart_sam_ba.o
row_same            0x1000            build/intech_grid/flash_samd51.o
buffer_rx_usart     0x80              build/intech_grid/usart_sam_ba.o

Discarded input sections

 .text          0x0000000000000000        0x0 build/intech_grid/flash_samd51.o
 .data          0x0000000000000000        0x0 build/intech_grid/flash_samd51.o
 .bss           0x0000000000000000        0x0 build/intech_grid/flash_samd51.o
 .text.flash_erase_block
                0x0000000000000000       0x20 build/intech_grid/flash_samd51.o
 .text.flash_erase_to_end
                0x0000000000000000       0x34 build/intech_grid/flash_samd51.o
 .text.copy_words
                0x0000000000000000       0x18 build/intech_grid/flash_samd51.o
 .text          0x0000000000000000        0x0 build/intech_grid/init_samd51.o
 .data          0x0000000000000000        0x0 build/intech_grid/init_samd51.o
 .bss           0x0000000000000000        0x0 build/intech_grid/init_samd51.o
 .text          0x0000000000000000        0x0 build/intech_grid/startup_samd51.o
 .data          0x0000000000000000        0x0 build/intech_grid/startup_samd51.o
 .bss           0x0000000000000000        0x0 build/intech_grid/startup_samd51.o
 .text          0x0000000000000000        0x0 build/intech_grid/usart_sam_ba.o
 .data          0x0000000000000000        0x0 build/intech_grid/usart_sam_ba.o
 .bss           0x0000000000000000        0x0 build/intech_grid/usart_sam_ba.o
 .text.usart_open
                0x0000000000000000       0xb8 build/intech_grid/usart_sam_ba.o
 .text.usart_close
                0x0000000000000000        0xc build/intech_grid/usart_sam_ba.o
 .text.usart_putc
                0x0000000000000000       0x14 build/intech_grid/usart_sam_ba.o
 .text.usart_getc
                0x0000000000000000       0x18 build/intech_grid/usart_sam_ba.o
 .text.usart_sharp_received
                0x0000000000000000       0x2c build/intech_grid/usart_sam_ba.o
 .text.usart_is_rx_ready
                0x0000000000000000       0x10 build/intech_grid/usart_sam_ba.o
 .text.usart_readc
                0x0000000000000000       0x20 build/intech_grid/usart_sam_ba.o
 .text.usart_putdata
                0x0000000000000000       0x24 build/intech_grid/usart_sam_ba.o
 .text.usart_getdata
                0x0000000000000000       0x1c build/intech_grid/usart_sam_ba.o
 .text.getbytes
                0x0000000000000000       0x80 build/intech_grid/usart_sam_ba.o
 .text.getPacket
                0x0000000000000000       0x94 build/intech_grid/usart_sam_ba.o
 .text.usart_putdata_xmd
                0x0000000000000000      0x164 build/intech_grid/usart_sam_ba.o
 .text.usart_getdata_xmd
                0x0000000000000000       0xc0 build/intech_grid/usart_sam_ba.o
 COMMON         0x0000000000000000      0x10c build/intech_grid/usart_sam_ba.o
 .text          0x0000000000000000        0x0 build/intech_grid/screen.o
 .data          0x0000000000000000        0x0 build/intech_grid/screen.o
 .bss           0x0000000000000000        0x0 build/intech_grid/screen.o
 .debug_info    0x0000000000000000      0x919 build/intech_grid/screen.o
 .debug_abbrev  0x0000000000000000      0x197 build/intech_grid/screen.o
 .debug_aranges
                0x0000000000000000       0x18 build/intech_grid/screen.o
 .debug_line    0x0000000000000000      0x131 build/intech_grid/screen.o
 .debug_str     0x0000000000000000      0x5e2 build/intech_grid/screen.o
 .comment       0x0000000000000000       0x80 build/intech_grid/screen.o
 .ARM.attributes
                0x0000000000000000       0x33 build/intech_grid/screen.o
 .text          0x0000000000000000        0x0 build/intech_grid/images.o
 .data          0x0000000000000000        0x0 build/intech_grid/images.o
 .bss           0x0000000000000000        0x0 build/intech_grid/images.o
 .rodata.arrowLogo
                0x0000000000000000       0x39 build/intech_grid/images.o
 .rodata.fileLogo
                0x0000000000000000       0x4a build/intech_grid/images.o
 .rodata.font8  0x0000000000000000      0x240 build/intech_grid/images.o
 .rodata.pendriveLogo
                0x0000000000000000       0x3e build/intech_grid/images.o
 .debug_info    0x0000000000000000      0x118 build/intech_grid/images.o
 .debug_abbrev  0x0000000000000000       0x66 build/intech_grid/images.o
 .debug_aranges
                0x0000000000000000       0x18 build/intech_grid/images.o
 .debug_line    0x0000000000000000       0x90 build/intech_grid/images.o
 .debug_str     0x0000000000000000      0x1b4 build/intech_grid/images.o
 .comment       0x0000000000000000       0x80 build/intech_grid/images.o
 .ARM.attributes
                0x0000000000000000       0x33 build/intech_grid/images.o
 .text          0x0000000000000000        0x0 build/intech_grid/utils.o
 .data          0x0000000000000000        0x0 build/intech_grid/utils.o
 .bss           0x0000000000000000        0x0 build/intech_grid/utils.o
 .text.writeNum
                0x0000000000000000       0x40 build/intech_grid/utils.o
 .text.timerTick
                0x0000000000000000       0x3c build/intech_grid/utils.o
 .text.led_signal
                0x0000000000000000       0x1c build/intech_grid/utils.o
 .text.RGBLED_set_color
                0x0000000000000000        0x4 build/intech_grid/utils.o
 .bss.timerLow  0x0000000000000000        0x4 build/intech_grid/utils.o
 COMMON         0x0000000000000000        0x8 build/intech_grid/utils.o
 .text          0x0000000000000000        0x0 build/intech_grid/selfmain.o
 .data          0x0000000000000000        0x0 build/intech_grid/selfmain.o
 .bss           0x0000000000000000        0x0 build/intech_grid/selfmain.o
 .text          0x0000000000000000        0x0 build/intech_grid/selfdata.o
 .data          0x0000000000000000        0x0 build/intech_grid/selfdata.o
 .bss           0x0000000000000000        0x0 build/intech_grid/selfdata.o
 .text          0x0000000000000000        0x0 /usr/bin/../lib/gcc/arm-none-eabi/7.3.1/../../../../arm-none-eabi/lib/thumb/v7e-m/libg_nano.a(lib_a-memcpy-stub.o)
 .data          0x0000000000000000        0x0 /usr/bin/../lib/gcc/arm-none-eabi/7.3.1/../../../../arm-none-eabi/lib/thumb/v7e-m/libg_nano.a(lib_a-memcpy-stub.o)
 .bss           0x0000000000000000        0x0 /usr/bin/../lib/gcc/arm-none-eabi/7.3.1/../../../../arm-none-eabi/lib/thumb/v7e-m/libg_nano.a(lib_a-memcpy-stub.o)

Memory Configuration

Name             Origin             Length             Attributes
rom              0x0000000000004000 0x000000000007c000 xr
ram              0x0000000020000000 0x0000000000030000 xrw
bkupram          0x0000000047000000 0x0000000000002000 xrw
qspi             0x0000000004000000 0x0000000001000000 xrw
*default*        0x0000000000000000 0xffffffffffffffff

Linker script and memory map

LOAD build/intech_grid/flash_samd51.o
LOAD build/intech_grid/init_samd51.o
LOAD build/intech_grid/startup_samd51.o
LOAD build/intech_grid/usart_sam_ba.o
LOAD build/intech_grid/screen.o
LOAD build/intech_grid/images.o
LOAD build/intech_grid/utils.o
LOAD build/intech_grid/selfmain.o
LOAD build/intech_grid/selfdata.o
START GROUP
LOAD /usr/bin/../lib/gcc/arm-none-eabi/7.3.1/thumb/v7e-m/libgcc.a
LOAD /usr/bin/../lib/gcc/arm-none-eabi/7.3.1/../../../../arm-none-eabi/lib/thumb/v7e-m/libg_nano.a
LOAD /usr/bin/../lib/gcc/arm-none-eabi/7.3.1/../../../../arm-none-eabi/lib/thumb/v7e-m/libc_nano.a
END GROUP
START GROUP
LOAD /usr/bin/../lib/gcc/arm-none-eabi/7.3.1/thumb/v7e-m/libgcc.a
LOAD /usr/bin/../lib/gcc/arm-none-eabi/7.3.1/../../../../arm-none-eabi/lib/thumb/v7e-m/libc_nano.a
LOAD /usr/bin/../lib/gcc/arm-none-eabi/7.3.1/../../../../arm-none-eabi/lib/thumb/v7e-m/libnosys.a
END GROUP
START GROUP
LOAD /usr/bin/../lib/gcc/arm-none-eabi/7.3.1/thumb/v7e-m/libgcc.a
LOAD /usr/bin/../lib/gcc/arm-none-eabi/7.3.1/../../../../arm-none-eabi/lib/thumb/v7e-m/libc_nano.a
LOAD /usr/bin/../lib/gcc/arm-none-eabi/7.3.1/../../../../arm-none-eabi/lib/thumb/v7e-m/libnosys.a
END GROUP
                0x000000000000c000                STACK_SIZE = DEFINED (STACK_SIZE)?STACK_SIZE:DEFINED (__stack_size__)?__stack_size__:0xc000

.text           0x0000000000004000     0x4858
                0x0000000000004000                . = ALIGN (0x4)
                0x0000000000004000                _sfixed = .
 *(.vectors .vectors.*)
 .vectors       0x0000000000004000      0x264 build/intech_grid/startup_samd51.o
                0x0000000000004000                exception_table
 *(.text .text.* .gnu.linkonce.t.*)
 .text.flash_write_words
                0x0000000000004264       0x6c build/intech_grid/flash_samd51.o
                0x0000000000004264                flash_write_words
 .text.flash_write_row
                0x00000000000042d0      0x17c build/intech_grid/flash_samd51.o
                0x00000000000042d0                flash_write_row
 .text.system_init
                0x000000000000444c       0xec build/intech_grid/init_samd51.o
                0x000000000000444c                system_init
 .text.SysTick_Handler
                0x0000000000004538        0x4 build/intech_grid/init_samd51.o
                0x0000000000004538                SysTick_Handler
 .text.Dummy_Handler
                0x000000000000453c        0x4 build/intech_grid/startup_samd51.o
                0x000000000000453c                EIC_5_Handler
                0x000000000000453c                SERCOM0_2_Handler
                0x000000000000453c                DebugMon_Handler
                0x000000000000453c                EIC_13_Handler
                0x000000000000453c                EVSYS_0_Handler
                0x000000000000453c                TCC1_3_Handler
                0x000000000000453c                DAC_3_Handler
                0x000000000000453c                TRNG_Handler
                0x000000000000453c                HardFault_Handler
                0x000000000000453c                TC2_Handler
                0x000000000000453c                PDEC_2_Handler
                0x000000000000453c                EIC_4_Handler
                0x000000000000453c                AC_Handler
                0x000000000000453c                SERCOM3_1_Handler
                0x000000000000453c                TCC2_3_Handler
                0x000000000000453c                SERCOM3_2_Handler
                0x000000000000453c                PendSV_Handler
                0x000000000000453c                NMI_Handler
                0x000000000000453c                TC7_Handler
                0x000000000000453c                ADC1_1_Handler
                0x000000000000453c                EVSYS_3_Handler
                0x000000000000453c                PDEC_0_Handler
                0x000000000000453c                QSPI_Handler
                0x000000000000453c                TCC0_0_Handler
                0x000000000000453c                EIC_3_Handler
                0x000000000000453c                TAL_0_Handler
                0x000000000000453c                DAC_2_Handler
                0x000000000000453c                SERCOM0_0_Handler
                0x000000000000453c                RTC_Handler
                0x000000000000453c                UsageFault_Handler
                0x000000000000453c                SERCOM4_0_Handler
                0x000000000000453c                EIC_10_Handler
                0x000000000000453c                SERCOM0_3_Handler
                0x000000000000453c                EIC_11_Handler
                0x000000000000453c                EIC_9_Handler
                0x000000000000453c                OSC32KCTRL_Handler
                0x000000000000453c                TCC2_1_Handler
                0x000000000000453c                SUPC_1_Handler
                0x000000000000453c                TCC0_5_Handler
                0x000000000000453c                TCC0_6_Handler
                0x000000000000453c                SERCOM6_2_Handler
                0x000000000000453c                EVSYS_1_Handler
                0x000000000000453c                TCC1_4_Handler
                0x000000000000453c                TC6_Handler
                0x000000000000453c                DMAC_0_Handler
                0x000000000000453c                WDT_Handler
                0x000000000000453c                EIC_8_Handler
                0x000000000000453c                EIC_15_Handler
                0x000000000000453c                SERCOM6_0_Handler
                0x000000000000453c                SERCOM5_0_Handler
                0x000000000000453c                TC4_Handler
                0x000000000000453c                TC1_Handler
                0x000000000000453c                OSCCTRL_4_Handler
                0x000000000000453c                SERCOM4_3_Handler
                0x000000000000453c                EIC_12_Handler
                0x000000000000453c                DMAC_4_Handler
                0x000000000000453c                TCC4_2_Handler
                0x000000000000453c                PAC_Handler
                0x000000000000453c                TCC1_0_Handler
                0x000000000000453c                USB_0_Handler
                0x000000000000453c                OSCCTRL_0_Handler
                0x000000000000453c                EIC_0_Handler
                0x000000000000453c                OSCCTRL_3_Handler
                0x000000000000453c                SERCOM4_1_Handler
                0x000000000000453c                TC3_Handler
                0x000000000000453c                Dummy_Handler
                0x000000000000453c                TCC3_0_Handler
                0x000000000000453c                TCC2_2_Handler
                0x000000000000453c                SERCOM5_1_Handler
                0x000000000000453c                TCC1_1_Handler
                0x000000000000453c                DMAC_2_Handler
                0x000000000000453c                ADC0_0_Handler
                0x000000000000453c                SERCOM0_1_Handler
                0x000000000000453c                OSCCTRL_2_Handler
                0x000000000000453c                ADC1_0_Handler
                0x000000000000453c                TCC1_2_Handler
                0x000000000000453c                SERCOM7_1_Handler
                0x000000000000453c                USB_1_Handler
                0x000000000000453c                PM_Handler
                0x000000000000453c                SERCOM6_3_Handler
                0x000000000000453c                SERCOM2_3_Handler
                0x000000000000453c                DAC_4_Handler
                0x000000000000453c                TCC3_2_Handler
                0x000000000000453c                SERCOM7_0_Handler
                0x000000000000453c                TCC0_2_Handler
                0x000000000000453c                DMAC_1_Handler
                0x000000000000453c                TCC4_0_Handler
                0x000000000000453c                SERCOM7_3_Handler
                0x000000000000453c                SDHC1_Handler
                0x000000000000453c                USB_3_Handler
                0x000000000000453c                SERCOM7_2_Handler
                0x000000000000453c                TCC2_0_Handler
                0x000000000000453c                PDEC_1_Handler
                0x000000000000453c                MemManage_Handler
                0x000000000000453c                TCC4_1_Handler
                0x000000000000453c                SERCOM5_3_Handler
                0x000000000000453c                USB_2_Handler
                0x000000000000453c                SVC_Handler
                0x000000000000453c                SERCOM6_1_Handler
                0x000000000000453c                SDHC0_Handler
                0x000000000000453c                SERCOM1_1_Handler
                0x000000000000453c                I2S_Handler
                0x000000000000453c                EIC_2_Handler
                0x000000000000453c                PCC_Handler
                0x000000000000453c                DAC_0_Handler
                0x000000000000453c                TCC0_1_Handler
                0x000000000000453c                SERCOM1_3_Handler
                0x000000000000453c                EIC_6_Handler
                0x000000000000453c                OSCCTRL_1_Handler
                0x000000000000453c                SERCOM1_0_Handler
                0x000000000000453c                PUKCC_Handler
                0x000000000000453c                SERCOM2_1_Handler
                0x000000000000453c                SERCOM1_2_Handler
                0x000000000000453c                SERCOM3_0_Handler
                0x000000000000453c                EIC_1_Handler
                0x000000000000453c                SERCOM4_2_Handler
                0x000000000000453c                EVSYS_4_Handler
                0x000000000000453c                EIC_7_Handler
                0x000000000000453c                NVMCTRL_1_Handler
                0x000000000000453c                SERCOM5_2_Handler
                0x000000000000453c                SERCOM3_3_Handler
                0x000000000000453c                ADC0_1_Handler
                0x000000000000453c                SERCOM2_2_Handler
                0x000000000000453c                TCC3_1_Handler
                0x000000000000453c                EIC_14_Handler
                0x000000000000453c                DAC_1_Handler
                0x000000000000453c                NVMCTRL_0_Handler
                0x000000000000453c                TAL_1_Handler
                0x000000000000453c                MCLK_Handler
                0x000000000000453c                EVSYS_2_Handler
                0x000000000000453c                SUPC_0_Handler
                0x000000000000453c                BusFault_Handler
                0x000000000000453c                FREQM_Handler
                0x000000000000453c                TC0_Handler
                0x000000000000453c                TCC0_3_Handler
                0x000000000000453c                DMAC_3_Handler
                0x000000000000453c                TCC0_4_Handler
                0x000000000000453c                RAMECC_Handler
                0x000000000000453c                TC5_Handler
                0x000000000000453c                SERCOM2_0_Handler
                0x000000000000453c                AES_Handler
                0x000000000000453c                ICM_Handler
 .text.Reset_Handler
                0x0000000000004540       0x74 build/intech_grid/startup_samd51.o
                0x0000000000004540                Reset_Handler
 .text.add_crc  0x00000000000045b4       0x58 build/intech_grid/usart_sam_ba.o
                0x00000000000045b4                add_crc
 .text.NVIC_SystemReset
                0x000000000000460c       0x20 build/intech_grid/utils.o
 .text.delay    0x000000000000462c       0x14 build/intech_grid/utils.o
                0x000000000000462c                delay
 .text.panic    0x0000000000004640        0x4 build/intech_grid/utils.o
                0x0000000000004640                panic
 .text.resetIntoApp
                0x0000000000004644       0x14 build/intech_grid/utils.o
                0x0000000000004644                resetIntoApp
 .text.resetIntoBootloader
                0x0000000000004658       0x14 build/intech_grid/utils.o
                0x0000000000004658                resetIntoBootloader
 .text.led_tick
                0x000000000000466c       0x54 build/intech_grid/utils.o
                0x000000000000466c                led_tick
 .text.led_init
                0x00000000000046c0        0x4 build/intech_grid/utils.o
                0x00000000000046c0                led_init
 .text.setBootProt
                0x00000000000046c4       0x7c build/intech_grid/selfmain.o
                0x00000000000046c4                setBootProt
 .text.startup.main
                0x0000000000004740       0xe0 build/intech_grid/selfmain.o
                0x0000000000004740                main
 .text.memcpy   0x0000000000004820       0x16 /usr/bin/../lib/gcc/arm-none-eabi/7.3.1/../../../../arm-none-eabi/lib/thumb/v7e-m/libg_nano.a(lib_a-memcpy-stub.o)
                0x0000000000004820                memcpy
 *(.glue_7t)
 .glue_7t       0x0000000000004836        0x0 linker stubs
 *(.glue_7)
 .glue_7        0x0000000000004836        0x0 linker stubs
 *(.rodata .rodata* .gnu.linkonce.r.*)
 *fill*         0x0000000000004836        0x2 
 .rodata.bootloader
                0x0000000000004838     0x4000 build/intech_grid/selfdata.o
                0x0000000000004838                bootloader
 .rodata.bootloader_crcs
                0x0000000000008838       0x20 build/intech_grid/selfdata.o
                0x0000000000008838                bootloader_crcs
 *(.ARM.extab* .gnu.linkonce.armextab.*)
                0x0000000000008858                . = ALIGN (0x4)
 *(.init)
                0x0000000000008858                . = ALIGN (0x4)
                0x0000000000008858                __preinit_array_start = .
 *(.preinit_array)
                0x0000000000008858                __preinit_array_end = .
                0x0000000000008858                . = ALIGN (0x4)
                0x0000000000008858                __init_array_start = .
 *(SORT_BY_NAME(.init_array.*))
 *(.init_array)
                0x0000000000008858                __init_array_end = .
                0x0000000000008858                . = ALIGN (0x4)
 *crtbegin.o(.ctors)
 *(EXCLUDE_FILE(*crtend.o) .ctors)
 *(SORT_BY_NAME(.ctors.*))
 *crtend.o(.ctors)
                0x0000000000008858                . = ALIGN (0x4)
 *(.fini)
                0x0000000000008858                . = ALIGN (0x4)
                0x0000000000008858                __fini_array_start = .
 *(.fini_array)
 *(SORT_BY_NAME(.fini_array.*))
                0x0000000000008858                __fini_array_end = .
 *crtbegin.o(.dtors)
 *(EXCLUDE_FILE(*crtend.o) .dtors)
 *(SORT_BY_NAME(.dtors.*))
 *crtend.o(.dtors)
                0x0000000000008858                . = ALIGN (0x4)
                0x0000000000008858                _efixed = .
                [!provide]                        PROVIDE (__exidx_start = .)

.vfp11_veneer   0x0000000000008858        0x0
 .vfp11_veneer  0x0000000000008858        0x0 linker stubs

.v4_bx          0x0000000000008858        0x0
 .v4_bx         0x0000000000008858        0x0 linker stubs

.iplt           0x0000000000008858        0x0
 .iplt          0x0000000000008858        0x0 build/intech_grid/flash_samd51.o

.igot.plt       0x0000000000008858        0x0
 .igot.plt      0x0000000000008858        0x0 build/intech_grid/flash_samd51.o

.rel.dyn        0x0000000000008858        0x0
 .rel.iplt      0x0000000000008858        0x0 build/intech_grid/flash_samd51.o

.ARM.exidx
 *(.ARM.exidx* .gnu.linkonce.armexidx.*)
                [!provide]                        PROVIDE (__exidx_end = .)
                0x0000000000008858                . = ALIGN (0x4)
                0x0000000000008858                _etext = .

.relocate       0x0000000020000000        0x4 load address 0x0000000000008858
                0x0000000020000000                . = ALIGN (0x4)
                0x0000000020000000                _srelocate = .
 *(.ramfunc .ramfunc.*)
 *(.data .data.*)
 .data.led_tick_step
                0x0000000020000000        0x1 build/intech_grid/utils.o
                0x0000000020000000                led_tick_step
 .data.limit    0x0000000020000001        0x1 build/intech_grid/utils.o
                0x0000000020000004                . = ALIGN (0x4)
 *fill*         0x0000000020000002        0x2 
                0x0000000020000004                _erelocate = .

.bkupram        0x0000000047000000        0x0
                0x0000000047000000                . = ALIGN (0x8)
                0x0000000047000000                _sbkupram = .
 *(.bkupram .bkupram.*)
                0x0000000047000000                . = ALIGN (0x8)
                0x0000000047000000                _ebkupram = .

.qspi           0x0000000004000000        0x0
                0x0000000004000000                . = ALIGN (0x8)
                0x0000000004000000                _sqspi = .
 *(.qspi .qspi.*)
                0x0000000004000000                . = ALIGN (0x8)
                0x0000000004000000                _eqspi = .

.bss            0x0000000020000004     0x1388 load address 0x000000000000885c
                0x0000000020000004                . = ALIGN (0x4)
                0x0000000020000004                _sbss = .
                0x0000000020000004                _szero = .
 *(.bss .bss.*)
 .bss.crcCache  0x0000000020000004      0x200 build/intech_grid/usart_sam_ba.o
 .bss.now       0x0000000020000204        0x4 build/intech_grid/utils.o
 .bss.signal_end
                0x0000000020000208        0x4 build/intech_grid/utils.o
 *(COMMON)
 COMMON         0x000000002000020c     0x1080 build/intech_grid/flash_samd51.o
                0x000000002000020c                block_erased
                0x000000002000028c                row_same
 COMMON         0x000000002000128c      0x100 build/intech_grid/selfmain.o
                0x000000002000128c                pageBuf
                0x000000002000138c                . = ALIGN (0x4)
                0x000000002000138c                _ebss = .
                0x000000002000138c                _ezero = .

.stack          0x000000002000138c     0xc004 load address 0x0000000000009be4
                0x0000000020001390                . = ALIGN (0x8)
 *fill*         0x000000002000138c        0x4 
                0x0000000020001390                _sstack = .
                0x000000002000d390                . = (. + STACK_SIZE)
 *fill*         0x0000000020001390     0xc000 
                0x000000002000d390                . = ALIGN (0x8)
                0x000000002000d390                _estack = .
                0x000000002000d390                . = ALIGN (0x4)
                0x000000002000d390                _end = .
OUTPUT(build/intech_grid/update-bootloader-intech_grid-v3.3.0-4-g61b7505.elf elf32-littlearm)

.debug_info     0x0000000000000000     0xc699
 .debug_info    0x0000000000000000     0x15c5 build/intech_grid/flash_samd51.o
 .debug_info    0x00000000000015c5     0x3984 build/intech_grid/init_samd51.o
 .debug_info    0x0000000000004f49      0xb84 build/intech_grid/startup_samd51.o
 .debug_info    0x0000000000005acd     0x469a build/intech_grid/usart_sam_ba.o
 .debug_info    0x000000000000a167      0xd50 build/intech_grid/utils.o
 .debug_info    0x000000000000aeb7     0x16f9 build/intech_grid/selfmain.o
 .debug_info    0x000000000000c5b0       0xe9 build/intech_grid/selfdata.o

.debug_abbrev   0x0000000000000000     0x13c8
 .debug_abbrev  0x0000000000000000      0x350 build/intech_grid/flash_samd51.o
 .debug_abbrev  0x0000000000000350      0x2f3 build/intech_grid/init_samd51.o
 .debug_abbrev  0x0000000000000643      0x15c build/intech_grid/startup_samd51.o
 .debug_abbrev  0x000000000000079f      0x540 build/intech_grid/usart_sam_ba.o
 .debug_abbrev  0x0000000000000cdf      0x309 build/intech_grid/utils.o
 .debug_abbrev  0x0000000000000fe8      0x366 build/intech_grid/selfmain.o
 .debug_abbrev  0x000000000000134e       0x7a build/intech_grid/selfdata.o

.debug_loc      0x0000000000000000     0x1264
 .debug_loc     0x0000000000000000      0x55b build/intech_grid/flash_samd51.o
 .debug_loc     0x000000000000055b       0x3f build/intech_grid/init_samd51.o
 .debug_loc     0x000000000000059a       0x4b build/intech_grid/startup_samd51.o
 .debug_loc     0x00000000000005e5      0x870 build/intech_grid/usart_sam_ba.o
 .debug_loc     0x0000000000000e55      0x166 build/intech_grid/utils.o
 .debug_loc     0x0000000000000fbb      0x2a9 build/intech_grid/selfmain.o

.debug_aranges  0x0000000000000000      0x1c8
 .debug_aranges
                0x0000000000000000       0x40 build/intech_grid/flash_samd51.o
 .debug_aranges
                0x0000000000000040       0x28 build/intech_grid/init_samd51.o
 .debug_aranges
                0x0000000000000068       0x28 build/intech_grid/startup_samd51.o
 .debug_aranges
                0x0000000000000090       0x88 build/intech_grid/usart_sam_ba.o
 .debug_aranges
                0x0000000000000118       0x70 build/intech_grid/utils.o
 .debug_aranges
                0x0000000000000188       0x28 build/intech_grid/selfmain.o
 .debug_aranges
                0x00000000000001b0       0x18 build/intech_grid/selfdata.o

.debug_ranges   0x0000000000000000      0x448
 .debug_ranges  0x0000000000000000       0xf8 build/intech_grid/flash_samd51.o
 .debug_ranges  0x00000000000000f8       0x50 build/intech_grid/init_samd51.o
 .debug_ranges  0x0000000000000148       0x18 build/intech_grid/startup_samd51.o
 .debug_ranges  0x0000000000000160      0x218 build/intech_grid/usart_sam_ba.o
 .debug_ranges  0x0000000000000378       0x98 build/intech_grid/utils.o
 .debug_ranges  0x0000000000000410       0x38 build/intech_grid/selfmain.o

.debug_line     0x0000000000000000     0x106f
 .debug_line    0x0000000000000000      0x290 build/intech_grid/flash_samd51.o
 .debug_line    0x0000000000000290      0x242 build/intech_grid/init_samd51.o
 .debug_line    0x00000000000004d2      0x123 build/intech_grid/startup_samd51.o
 .debug_line    0x00000000000005f5      0x4b2 build/intech_grid/usart_sam_ba.o
 .debug_line    0x0000000000000aa7      0x295 build/intech_grid/utils.o
 .debug_line    0x0000000000000d3c      0x293 build/intech_grid/selfmain.o
 .debug_line    0x0000000000000fcf       0xa0 build/intech_grid/selfdata.o

.debug_str      0x0000000000000000     0x3099
 .debug_str     0x0000000000000000      0x8d4 build/intech_grid/flash_samd51.o
                                        0x997 (size before relaxing)
 .debug_str     0x00000000000008d4     0x113a build/intech_grid/init_samd51.o
                                       0x1a2b (size before relaxing)
 .debug_str     0x0000000000001a0e      0xb5a build/intech_grid/startup_samd51.o
                                        0xd98 (size before relaxing)
 .debug_str     0x0000000000002568      0x9e5 build/intech_grid/usart_sam_ba.o
                                       0x1615 (size before relaxing)
 .debug_str     0x0000000000002f4d       0xc8 build/intech_grid/utils.o
                                        0x723 (size before relaxing)
 .debug_str     0x0000000000003015       0x67 build/intech_grid/selfmain.o
                                        0x9eb (size before relaxing)
 .debug_str     0x000000000000307c       0x1d build/intech_grid/selfdata.o
                                        0x1cd (size before relaxing)

.comment        0x0000000000000000       0x7f
 .comment       0x0000000000000000       0x7f build/intech_grid/flash_samd51.o
                                         0x80 (size before relaxing)
 .comment       0x000000000000007f       0x80 build/intech_grid/init_samd51.o
 .comment       0x000000000000007f       0x80 build/intech_grid/startup_samd51.o
 .comment       0x000000000000007f       0x80 build/intech_grid/usart_sam_ba.o
 .comment       0x000000000000007f       0x80 build/intech_grid/utils.o
 .comment       0x000000000000007f       0x80 build/intech_grid/selfmain.o
 .comment       0x000000000000007f       0x80 build/intech_grid/selfdata.o

.ARM.attributes
                0x0000000000000000       0x33
 .ARM.attributes
                0x0000000000000000       0x33 build/intech_grid/flash_samd51.o
 .ARM.attributes
                0x0000000000000033       0x33 build/intech_grid/init_samd51.o
 .ARM.attributes
                0x0000000000000066       0x33 build/intech_grid/startup_samd51.o
 .ARM.attributes
                0x0000000000000099       0x33 build/intech_grid/usart_sam_ba.o
 .ARM.attributes
                0x00000000000000cc       0x33 build/intech_grid/utils.o
 .ARM.attributes
                0x00000000000000ff       0x33 build/intech_grid/selfmain.o
 .ARM.attributes
                0x0000000000000132       0x33 build/intech_grid/selfdata.o
 .ARM.attributes
                0x0000000000000165       0x2e /usr/bin/../lib/gcc/arm-none-eabi/7.3.1/../../../../arm-none-eabi/lib/thumb/v7e-m/libg_nano.a(lib_a-memcpy-stub.o)

.debug_frame    0x0000000000000000      0x46c
 .debug_frame   0x0000000000000000       0xac build/intech_grid/flash_samd51.o
 .debug_frame   0x00000000000000ac       0x40 build/intech_grid/init_samd51.o
 .debug_frame   0x00000000000000ec       0x38 build/intech_grid/startup_samd51.o
 .debug_frame   0x0000000000000124      0x1b4 build/intech_grid/usart_sam_ba.o
 .debug_frame   0x00000000000002d8      0x110 build/intech_grid/utils.o
 .debug_frame   0x00000000000003e8       0x5c build/intech_grid/selfmain.o
 .debug_frame   0x0000000000000444       0x28 /usr/bin/../lib/gcc/arm-none-eabi/7.3.1/../../../../arm-none-eabi/lib/thumb/v7e-m/libg_nano.a(lib_a-memcpy-stub.o)

Cross Reference Table

Symbol                                            File
AC_Handler                                        build/intech_grid/startup_samd51.o
ADC0_0_Handler                                    build/intech_grid/startup_samd51.o
ADC0_1_Handler                                    build/intech_grid/startup_samd51.o
ADC1_0_Handler                                    build/intech_grid/startup_samd51.o
ADC1_1_Handler                                    build/intech_grid/startup_samd51.o
AES_Handler                                       build/intech_grid/startup_samd51.o
BusFault_Handler                                  build/intech_grid/startup_samd51.o
DAC_0_Handler                                     build/intech_grid/startup_samd51.o
DAC_1_Handler                                     build/intech_grid/startup_samd51.o
DAC_2_Handler                                     build/intech_grid/startup_samd51.o
DAC_3_Handler                                     build/intech_grid/startup_samd51.o
DAC_4_Handler                                     build/intech_grid/startup_samd51.o
DMAC_0_Handler                                    build/intech_grid/startup_samd51.o
DMAC_1_Handler                                    build/intech_grid/startup_samd51.o
DMAC_2_Handler                                    build/intech_grid/startup_samd51.o
DMAC_3_Handler                                    build/intech_grid/startup_samd51.o
DMAC_4_Handler                                    build/intech_grid/startup_samd51.o
DebugMon_Handler                                  build/intech_grid/startup_samd51.o
Dummy_Handler                                     build/intech_grid/startup_samd51.o
EIC_0_Handler                                     build/intech_grid/startup_samd51.o
EIC_10_Handler                                    build/intech_grid/startup_samd51.o
EIC_11_Handler                                    build/intech_grid/startup_samd51.o
EIC_12_Handler                                    build/intech_grid/startup_samd51.o
EIC_13_Handler                                    build/intech_grid/startup_samd51.o
EIC_14_Handler                                    build/intech_grid/startup_samd51.o
EIC_15_Handler                                    build/intech_grid/startup_samd51.o
EIC_1_Handler                                     build/intech_grid/startup_samd51.o
EIC_2_Handler                                     build/intech_grid/startup_samd51.o
EIC_3_Handler                                     build/intech_grid/startup_samd51.o
EIC_4_Handler                                     build/intech_grid/startup_samd51.o
EIC_5_Handler                                     build/intech_grid/startup_samd51.o
EIC_6_Handler                                     build/intech_grid/startup_samd51.o
EIC_7_Handler                                     build/intech_grid/startup_samd51.o
EIC_8_Handler                                     build/intech_grid/startup_samd51.o
EIC_9_Handler                                     build/intech_grid/startup_samd51.o
EVSYS_0_Handler                                   build/intech_grid/startup_samd51.o
EVSYS_1_Handler                                   build/intech_grid/startup_samd51.o
EVSYS_2_Handler                                   build/intech_grid/startup_samd51.o
EVSYS_3_Handler                                   build/intech_grid/startup_samd51.o
EVSYS_4_Handler                                   build/intech_grid/startup_samd51.o
FREQM_Handler                                     build/intech_grid/startup_samd51.o
HardFault_Handler                                 build/intech_grid/startup_samd51.o
I2S_Handler                                       build/intech_grid/startup_samd51.o
ICM_Handler                                       build/intech_grid/startup_samd51.o
MCLK_Handler                                      build/intech_grid/startup_samd51.o
MemManage_Handler                                 build/intech_grid/startup_samd51.o
NMI_Handler                                       build/intech_grid/startup_samd51.o
NVMCTRL_0_Handler                                 build/intech_grid/startup_samd51.o
NVMCTRL_1_Handler                                 build/intech_grid/startup_samd51.o
OSC32KCTRL_Handler                                build/intech_grid/startup_samd51.o
OSCCTRL_0_Handler                                 build/intech_grid/startup_samd51.o
OSCCTRL_1_Handler                                 build/intech_grid/startup_samd51.o
OSCCTRL_2_Handler                                 build/intech_grid/startup_samd51.o
OSCCTRL_3_Handler                                 build/intech_grid/startup_samd51.o
OSCCTRL_4_Handler                                 build/intech_grid/startup_samd51.o
PAC_Handler                                       build/intech_grid/startup_samd51.o
PCC_Handler                                       build/intech_grid/startup_samd51.o
PDEC_0_Handler                                    build/intech_grid/startup_samd51.o
PDEC_1_Handler                                    build/intech_grid/startup_samd51.o
PDEC_2_Handler                                    build/intech_grid/startup_samd51.o
PM_Handler                                        build/intech_grid/startup_samd51.o
PUKCC_Handler                                     build/intech_grid/startup_samd51.o
PendSV_Handler                                    build/intech_grid/startup_samd51.o
QSPI_Handler                                      build/intech_grid/startup_samd51.o
RAMECC_Handler                                    build/intech_grid/startup_samd51.o
RGBLED_set_color                                  build/intech_grid/utils.o
RTC_Handler                                       build/intech_grid/startup_samd51.o
Reset_Handler                                     build/intech_grid/startup_samd51.o
SDHC0_Handler                                     build/intech_grid/startup_samd51.o
SDHC1_Handler                                     build/intech_grid/startup_samd51.o
SERCOM0_0_Handler                                 build/intech_grid/startup_samd51.o
SERCOM0_1_Handler                                 build/intech_grid/startup_samd51.o
SERCOM0_2_Handler                                 build/intech_grid/startup_samd51.o
SERCOM0_3_Handler                                 build/intech_grid/startup_samd51.o
SERCOM1_0_Handler                                 build/intech_grid/startup_samd51.o
SERCOM1_1_Handler                                 build/intech_grid/startup_samd51.o
SERCOM1_2_Handler                                 build/intech_grid/startup_samd51.o
SERCOM1_3_Handler                                 build/intech_grid/startup_samd51.o
SERCOM2_0_Handler                                 build/intech_grid/startup_samd51.o
SERCOM2_1_Handler                                 build/intech_grid/startup_samd51.o
SERCOM2_2_Handler                                 build/intech_grid/startup_samd51.o
SERCOM2_3_Handler                                 build/intech_grid/startup_samd51.o
SERCOM3_0_Handler                                 build/intech_grid/startup_samd51.o
SERCOM3_1_Handler                                 build/intech_grid/startup_samd51.o
SERCOM3_2_Handler                                 build/intech_grid/startup_samd51.o
SERCOM3_3_Handler                                 build/intech_grid/startup_samd51.o
SERCOM4_0_Handler                                 build/intech_grid/startup_samd51.o
SERCOM4_1_Handler                                 build/intech_grid/startup_samd51.o
SERCOM4_2_Handler                                 build/intech_grid/startup_samd51.o
SERCOM4_3_Handler                                 build/intech_grid/startup_samd51.o
SERCOM5_0_Handler                                 build/intech_grid/startup_samd51.o
SERCOM5_1_Handler                                 build/intech_grid/startup_samd51.o
SERCOM5_2_Handler                                 build/intech_grid/startup_samd51.o
SERCOM5_3_Handler                                 build/intech_grid/startup_samd51.o
SERCOM6_0_Handler                                 build/intech_grid/startup_samd51.o
SERCOM6_1_Handler                                 build/intech_grid/startup_samd51.o
SERCOM6_2_Handler                                 build/intech_grid/startup_samd51.o
SERCOM6_3_Handler                                 build/intech_grid/startup_samd51.o
SERCOM7_0_Handler                                 build/intech_grid/startup_samd51.o
SERCOM7_1_Handler                                 build/intech_grid/startup_samd51.o
SERCOM7_2_Handler                                 build/intech_grid/startup_samd51.o
SERCOM7_3_Handler                                 build/intech_grid/startup_samd51.o
SUPC_0_Handler                                    build/intech_grid/startup_samd51.o
SUPC_1_Handler                                    build/intech_grid/startup_samd51.o
SVC_Handler                                       build/intech_grid/startup_samd51.o
SysTick_Handler                                   build/intech_grid/init_samd51.o
TAL_0_Handler                                     build/intech_grid/startup_samd51.o
TAL_1_Handler                                     build/intech_grid/startup_samd51.o
TC0_Handler                                       build/intech_grid/startup_samd51.o
TC1_Handler                                       build/intech_grid/startup_samd51.o
TC2_Handler                                       build/intech_grid/startup_samd51.o
TC3_Handler                                       build/intech_grid/startup_samd51.o
TC4_Handler                                       build/intech_grid/startup_samd51.o
TC5_Handler                                       build/intech_grid/startup_samd51.o
TC6_Handler                                       build/intech_grid/startup_samd51.o
TC7_Handler                                       build/intech_grid/startup_samd51.o
TCC0_0_Handler                                    build/intech_grid/startup_samd51.o
TCC0_1_Handler                                    build/intech_grid/startup_samd51.o
TCC0_2_Handler                                    build/intech_grid/startup_samd51.o
TCC0_3_Handler                                    build/intech_grid/startup_samd51.o
TCC0_4_Handler                                    build/intech_grid/startup_samd51.o
TCC0_5_Handler                                    build/intech_grid/startup_samd51.o
TCC0_6_Handler                                    build/intech_grid/startup_samd51.o
TCC1_0_Handler                                    build/intech_grid/startup_samd51.o
TCC1_1_Handler                                    build/intech_grid/startup_samd51.o
TCC1_2_Handler                                    build/intech_grid/startup_samd51.o
TCC1_3_Handler                                    build/intech_grid/startup_samd51.o
TCC1_4_Handler                                    build/intech_grid/startup_samd51.o
TCC2_0_Handler                                    build/intech_grid/startup_samd51.o
TCC2_1_Handler                                    build/intech_grid/startup_samd51.o
TCC2_2_Handler                                    build/intech_grid/startup_samd51.o
TCC2_3_Handler                                    build/intech_grid/startup_samd51.o
TCC3_0_Handler                                    build/intech_grid/startup_samd51.o
TCC3_1_Handler                                    build/intech_grid/startup_samd51.o
TCC3_2_Handler                                    build/intech_grid/startup_samd51.o
TCC4_0_Handler                                    build/intech_grid/startup_samd51.o
TCC4_1_Handler                                    build/intech_grid/startup_samd51.o
TCC4_2_Handler                                    build/intech_grid/startup_samd51.o
TRNG_Handler                                      build/intech_grid/startup_samd51.o
USB_0_Handler                                     build/intech_grid/startup_samd51.o
USB_1_Handler                                     build/intech_grid/startup_samd51.o
USB_2_Handler                                     build/intech_grid/startup_samd51.o
USB_3_Handler                                     build/intech_grid/startup_samd51.o
UsageFault_Handler                                build/intech_grid/startup_samd51.o
WDT_Handler                                       build/intech_grid/startup_samd51.o
_erelocate                                        build/intech_grid/startup_samd51.o
_estack                                           build/intech_grid/startup_samd51.o
_etext                                            build/intech_grid/startup_samd51.o
_ezero                                            build/intech_grid/startup_samd51.o
_sfixed                                           build/intech_grid/startup_samd51.o
_srelocate                                        build/intech_grid/startup_samd51.o
_szero                                            build/intech_grid/startup_samd51.o
add_crc                                           build/intech_grid/usart_sam_ba.o
                                                  build/intech_grid/selfmain.o
arrowLogo                                         build/intech_grid/images.o
b_sharp_received                                  build/intech_grid/usart_sam_ba.o
block_erased                                      build/intech_grid/flash_samd51.o
bootloader                                        build/intech_grid/selfdata.o
                                                  build/intech_grid/selfmain.o
bootloader_crcs                                   build/intech_grid/selfdata.o
                                                  build/intech_grid/selfmain.o
buffer_rx_usart                                   build/intech_grid/usart_sam_ba.o
buffer_tx_usart                                   build/intech_grid/usart_sam_ba.o
copy_words                                        build/intech_grid/flash_samd51.o
delay                                             build/intech_grid/utils.o
                                                  build/intech_grid/selfmain.o
error_timeout                                     build/intech_grid/usart_sam_ba.o
exception_table                                   build/intech_grid/startup_samd51.o
fileLogo                                          build/intech_grid/images.o
flash_erase_block                                 build/intech_grid/flash_samd51.o
flash_erase_to_end                                build/intech_grid/flash_samd51.o
flash_write_row                                   build/intech_grid/flash_samd51.o
                                                  build/intech_grid/selfmain.o
flash_write_words                                 build/intech_grid/flash_samd51.o
                                                  build/intech_grid/selfmain.o
font8                                             build/intech_grid/images.o
getPacket                                         build/intech_grid/usart_sam_ba.o
idx_rx_read                                       build/intech_grid/usart_sam_ba.o
idx_rx_write                                      build/intech_grid/usart_sam_ba.o
idx_tx_read                                       build/intech_grid/usart_sam_ba.o
idx_tx_write                                      build/intech_grid/usart_sam_ba.o
led_init                                          build/intech_grid/utils.o
                                                  build/intech_grid/selfmain.o
led_signal                                        build/intech_grid/utils.o
led_tick                                          build/intech_grid/utils.o
                                                  build/intech_grid/init_samd51.o
led_tick_step                                     build/intech_grid/utils.o
main                                              build/intech_grid/selfmain.o
                                                  build/intech_grid/startup_samd51.o
memcpy                                            /usr/bin/../lib/gcc/arm-none-eabi/7.3.1/../../../../arm-none-eabi/lib/thumb/v7e-m/libg_nano.a(lib_a-memcpy-stub.o)
                                                  build/intech_grid/selfmain.o
                                                  build/intech_grid/flash_samd51.o
mode_of_transfer                                  build/intech_grid/usart_sam_ba.o
pageBuf                                           build/intech_grid/selfmain.o
panic                                             build/intech_grid/utils.o
                                                  build/intech_grid/selfmain.o
pendriveLogo                                      build/intech_grid/images.o
resetHorizon                                      build/intech_grid/utils.o
resetIntoApp                                      build/intech_grid/utils.o
                                                  build/intech_grid/selfmain.o
resetIntoBootloader                               build/intech_grid/utils.o
                                                  build/intech_grid/selfmain.o
row_same                                          build/intech_grid/flash_samd51.o
setBootProt                                       build/intech_grid/selfmain.o
size_of_data                                      build/intech_grid/usart_sam_ba.o
system_init                                       build/intech_grid/init_samd51.o
                                                  build/intech_grid/selfmain.o
timerHigh                                         build/intech_grid/utils.o
timerTick                                         build/intech_grid/utils.o
uart_basic_init                                   build/intech_grid/usart_sam_ba.o
uart_disable                                      build/intech_grid/usart_sam_ba.o
uart_read_byte                                    build/intech_grid/usart_sam_ba.o
uart_write_byte                                   build/intech_grid/usart_sam_ba.o
usart_close                                       build/intech_grid/usart_sam_ba.o
usart_getc                                        build/intech_grid/usart_sam_ba.o
usart_getdata                                     build/intech_grid/usart_sam_ba.o
usart_getdata_xmd                                 build/intech_grid/usart_sam_ba.o
usart_is_rx_ready                                 build/intech_grid/usart_sam_ba.o
usart_open                                        build/intech_grid/usart_sam_ba.o
usart_putc                                        build/intech_grid/usart_sam_ba.o
usart_putdata                                     build/intech_grid/usart_sam_ba.o
usart_putdata_xmd                                 build/intech_grid/usart_sam_ba.o
usart_readc                                       build/intech_grid/usart_sam_ba.o
usart_sharp_received                              build/intech_grid/usart_sam_ba.o
writeNum                                          build/intech_grid/utils.o
